nrf.c:91:6:NRF24_csn.part.0	0	static
nrf.c:98:6:NRF24_ce.part.1	0	static
nrf.c:83:6:NRF24_DelayMicroSeconds	0	static
nrf.c:91:6:NRF24_csn	0	static
nrf.c:98:6:NRF24_ce	0	static
nrf.c:105:9:NRF24_read_register	16	static
nrf.c:121:6:NRF24_read_registerN	24	static
nrf.c:135:6:NRF24_write_register	24	static
nrf.c:147:6:NRF24_write_registerN	24	static
nrf.c:159:6:NRF24_write_payload	24	static
nrf.c:171:6:NRF24_read_payload	24	static
nrf.c:184:6:NRF24_flush_tx	0	static
nrf.c:188:6:NRF24_flush_rx	0	static
nrf.c:192:9:NRF24_get_status	0	static
nrf.c:284:6:NRF24_startListening	8	static
nrf.c:302:6:NRF24_stopListening	8	static
nrf.c:353:6:NRF24_openWritingPipe	16	static
nrf.c:361:6:NRF24_openReadingPipe	16	static
nrf.c:383:6:NRF24_setRetries	0	static
nrf.c:389:6:NRF24_setChannel	0	static
nrf.c:394:6:NRF24_setPayloadSize	0	static
nrf.c:399:9:NRF24_getPayloadSize	0	static
nrf.c:403:9:NRF24_getDynamicPayloadSize	0	static
nrf.c:345:6:NRF24_read	8	static
nrf.c:437:6:NRF24_disableDynamicPayloads	8	static
nrf.c:445:6:NRF24_isNRF_Plus	0	static
nrf.c:449:6:NRF24_setAutoAck	0	static
nrf.c:456:6:NRF24_setAutoAckPipe	16	static
nrf.c:468:6:NRF24_setPALevel	8	static
nrf.c:489:15:NRF24_getPALevel	8	static
nrf.c:508:6:NRF24_setDataRate	16	static
nrf.c:543:17:NRF24_getDataRate	8	static
nrf.c:563:6:NRF24_setCRCLength	8	static
nrf.c:579:18:NRF24_getCRCLength	8	static
nrf.c:594:6:NRF24_disableCRC	8	static
nrf.c:599:6:NRF24_powerUp	8	static
nrf.c:604:6:NRF24_powerDown	8	static
nrf.c:609:6:NRF24_availablePipe	16	static
nrf.c:341:6:NRF24_available	0	static
nrf.c:630:6:NRF24_startWrite	16	static
nrf.c:648:6:NRF24_writeAckPayload	16	static
nrf.c:658:6:NRF24_isAckPayloadAvailable	0	static
nrf.c:664:6:NRF24_whatHappened	24	static
nrf.c:679:6:NRF24_testRPD	8	static
nrf.c:675:6:NRF24_testCarrier	0	static
nrf.c:684:6:NRF24_resetStatus	0	static
nrf.c:308:6:NRF24_write	24	static
nrf.c:690:6:NRF24_ACTIVATE_cmd	16	static
nrf.c:407:6:NRF24_enableAckPayload	8	static
nrf.c:421:6:NRF24_enableDynamicPayloads	8	static
nrf.c:700:9:NRF24_GetAckPayloadSize	0	static
nrf.c:704:6:printRadioSettings	136	static
nrf.c:199:6:NRF24_begin	24	static
nrf.c:884:6:printStatusReg	136	static
nrf.c:905:6:printConfigReg	120	static
nrf.c:925:6:nrf24_DebugUART_Init	12	static
nrf.c:59:6:initNRF24andPrintStatus	104	static
nrf.c:929:6:printFIFOstatus	128	static
