nrf.c:122:6:NRF24_csn.part.0	0	static
nrf.c:129:6:NRF24_ce.part.1	0	static
nrf.c:114:6:NRF24_DelayMicroSeconds	0	static
nrf.c:122:6:NRF24_csn	0	static
nrf.c:129:6:NRF24_ce	0	static
nrf.c:136:9:NRF24_read_register	16	static
nrf.c:152:6:NRF24_read_registerN	24	static
nrf.c:166:6:NRF24_write_register	24	static
nrf.c:178:6:NRF24_write_registerN	24	static
nrf.c:190:6:NRF24_write_payload	24	static
nrf.c:202:6:NRF24_read_payload	24	static
nrf.c:215:6:NRF24_flush_tx	0	static
nrf.c:219:6:NRF24_flush_rx	0	static
nrf.c:223:9:NRF24_get_status	0	static
nrf.c:315:6:NRF24_startListening	8	static
nrf.c:333:6:NRF24_stopListening	8	static
nrf.c:386:6:NRF24_openWritingPipe	16	static
nrf.c:394:6:NRF24_openReadingPipe	16	static
nrf.c:419:6:NRF24_setRetries	0	static
nrf.c:425:6:NRF24_setChannel	0	static
nrf.c:430:6:NRF24_setPayloadSize	0	static
nrf.c:435:9:NRF24_getPayloadSize	0	static
nrf.c:439:9:NRF24_getDynamicPayloadSize	0	static
nrf.c:378:6:NRF24_read	8	static
nrf.c:475:6:NRF24_disableDynamicPayloads	8	static
nrf.c:483:6:NRF24_isNRF_Plus	0	static
nrf.c:487:6:NRF24_setAutoAck	0	static
nrf.c:494:6:NRF24_setAutoAckPipe	16	static
nrf.c:509:6:NRF24_setPALevel	8	static
nrf.c:535:15:NRF24_getPALevel	8	static
nrf.c:558:6:NRF24_setDataRate	16	static
nrf.c:599:17:NRF24_getDataRate	8	static
nrf.c:622:6:NRF24_setCRCLength	8	static
nrf.c:641:18:NRF24_getCRCLength	8	static
nrf.c:657:6:NRF24_disableCRC	8	static
nrf.c:662:6:NRF24_powerUp	8	static
nrf.c:667:6:NRF24_powerDown	8	static
nrf.c:672:6:NRF24_availablePipe	16	static
nrf.c:374:6:NRF24_available	0	static
nrf.c:695:6:NRF24_startWrite	16	static
nrf.c:713:6:NRF24_writeAckPayload	16	static
nrf.c:723:6:NRF24_isAckPayloadAvailable	0	static
nrf.c:729:6:NRF24_whatHappened	24	static
nrf.c:744:6:NRF24_testRPD	8	static
nrf.c:740:6:NRF24_testCarrier	0	static
nrf.c:749:6:NRF24_resetStatus	0	static
nrf.c:339:6:NRF24_write	24	static
nrf.c:755:6:NRF24_ACTIVATE_cmd	16	static
nrf.c:443:6:NRF24_enableAckPayload	8	static
nrf.c:458:6:NRF24_enableDynamicPayloads	8	static
nrf.c:765:9:NRF24_GetAckPayloadSize	0	static
nrf.c:769:6:printRadioSettings	136	static
nrf.c:230:6:NRF24_begin	24	static
nrf.c:951:6:printStatusReg	136	static
nrf.c:972:6:printConfigReg	120	static
nrf.c:992:6:nrf24_DebugUART_Init	12	static
nrf.c:67:6:init_NRF24_sytem_mebmer	112	static
nrf.c:90:6:initNRF24andPrintStatus	104	static
nrf.c:996:6:printFIFOstatus	128	static
