nrf.c:89:6:NRF24_csn.part.0	0	static
nrf.c:96:6:NRF24_ce.part.1	0	static
nrf.c:81:6:NRF24_DelayMicroSeconds	0	static
nrf.c:89:6:NRF24_csn	0	static
nrf.c:96:6:NRF24_ce	0	static
nrf.c:103:9:NRF24_read_register	16	static
nrf.c:119:6:NRF24_read_registerN	24	static
nrf.c:133:6:NRF24_write_register	24	static
nrf.c:145:6:NRF24_write_registerN	24	static
nrf.c:157:6:NRF24_write_payload	24	static
nrf.c:169:6:NRF24_read_payload	24	static
nrf.c:182:6:NRF24_flush_tx	0	static
nrf.c:186:6:NRF24_flush_rx	0	static
nrf.c:190:9:NRF24_get_status	0	static
nrf.c:282:6:NRF24_startListening	8	static
nrf.c:300:6:NRF24_stopListening	8	static
nrf.c:351:6:NRF24_openWritingPipe	16	static
nrf.c:359:6:NRF24_openReadingPipe	16	static
nrf.c:381:6:NRF24_setRetries	0	static
nrf.c:387:6:NRF24_setChannel	0	static
nrf.c:392:6:NRF24_setPayloadSize	0	static
nrf.c:397:9:NRF24_getPayloadSize	0	static
nrf.c:401:9:NRF24_getDynamicPayloadSize	0	static
nrf.c:343:6:NRF24_read	8	static
nrf.c:435:6:NRF24_disableDynamicPayloads	8	static
nrf.c:443:6:NRF24_isNRF_Plus	0	static
nrf.c:447:6:NRF24_setAutoAck	0	static
nrf.c:454:6:NRF24_setAutoAckPipe	16	static
nrf.c:466:6:NRF24_setPALevel	8	static
nrf.c:487:15:NRF24_getPALevel	8	static
nrf.c:506:6:NRF24_setDataRate	16	static
nrf.c:541:17:NRF24_getDataRate	8	static
nrf.c:561:6:NRF24_setCRCLength	8	static
nrf.c:577:18:NRF24_getCRCLength	8	static
nrf.c:592:6:NRF24_disableCRC	8	static
nrf.c:597:6:NRF24_powerUp	8	static
nrf.c:602:6:NRF24_powerDown	8	static
nrf.c:607:6:NRF24_availablePipe	16	static
nrf.c:339:6:NRF24_available	0	static
nrf.c:628:6:NRF24_startWrite	16	static
nrf.c:646:6:NRF24_writeAckPayload	16	static
nrf.c:656:6:NRF24_isAckPayloadAvailable	0	static
nrf.c:662:6:NRF24_whatHappened	24	static
nrf.c:677:6:NRF24_testRPD	8	static
nrf.c:673:6:NRF24_testCarrier	0	static
nrf.c:682:6:NRF24_resetStatus	0	static
nrf.c:306:6:NRF24_write	24	static
nrf.c:688:6:NRF24_ACTIVATE_cmd	16	static
nrf.c:405:6:NRF24_enableAckPayload	8	static
nrf.c:419:6:NRF24_enableDynamicPayloads	8	static
nrf.c:698:9:NRF24_GetAckPayloadSize	0	static
nrf.c:702:6:printRadioSettings	136	static
nrf.c:197:6:NRF24_begin	24	static
nrf.c:882:6:printStatusReg	136	static
nrf.c:903:6:printConfigReg	120	static
nrf.c:923:6:nrf24_DebugUART_Init	12	static
nrf.c:58:6:initNRF24andPrintStatus	104	static
nrf.c:927:6:printFIFOstatus	128	static
