stm32f1xx_hal_msp.c:64:6:HAL_MspInit	8	static
stm32f1xx_hal_msp.c:90:6:HAL_ADC_MspInit	40	static
stm32f1xx_hal_msp.c:143:6:HAL_ADC_MspDeInit	8	static
stm32f1xx_hal_msp.c:186:6:HAL_I2C_MspInit	40	static
stm32f1xx_hal_msp.c:242:6:HAL_I2C_MspDeInit	0	static
stm32f1xx_hal_msp.c:289:6:HAL_SPI_MspInit	40	static
stm32f1xx_hal_msp.c:331:6:HAL_SPI_MspDeInit	0	static
stm32f1xx_hal_msp.c:361:6:HAL_TIM_Encoder_MspInit	32	static
stm32f1xx_hal_msp.c:395:6:HAL_TIM_Base_MspInit	8	static
stm32f1xx_hal_msp.c:417:6:HAL_TIM_Encoder_MspDeInit	0	static
stm32f1xx_hal_msp.c:446:6:HAL_TIM_Base_MspDeInit	0	static
stm32f1xx_hal_msp.c:468:6:HAL_UART_MspInit	40	static
stm32f1xx_hal_msp.c:536:6:HAL_UART_MspDeInit	0	static
