Archive member included to satisfy reference by file (symbol)

c:/program files (x86)/atollic/truestudio for stm32 9.3.0/armtools/bin/../lib/gcc/arm-atollic-eabi/6.3.1/../../../../arm-atollic-eabi/lib/armv7-m\libc_nano.a(lib_a-errno.o)
                              Src\syscalls.o (__errno)
c:/program files (x86)/atollic/truestudio for stm32 9.3.0/armtools/bin/../lib/gcc/arm-atollic-eabi/6.3.1/../../../../arm-atollic-eabi/lib/armv7-m\libc_nano.a(lib_a-impure.o)
                              c:/program files (x86)/atollic/truestudio for stm32 9.3.0/armtools/bin/../lib/gcc/arm-atollic-eabi/6.3.1/../../../../arm-atollic-eabi/lib/armv7-m\libc_nano.a(lib_a-errno.o) (_impure_ptr)
c:/program files (x86)/atollic/truestudio for stm32 9.3.0/armtools/bin/../lib/gcc/arm-atollic-eabi/6.3.1/../../../../arm-atollic-eabi/lib/armv7-m\libc_nano.a(lib_a-init.o)
                              startup\startup_stm32f103xe.o (__libc_init_array)
c:/program files (x86)/atollic/truestudio for stm32 9.3.0/armtools/bin/../lib/gcc/arm-atollic-eabi/6.3.1/../../../../arm-atollic-eabi/lib/armv7-m\libc_nano.a(lib_a-memcpy-stub.o)
                              Src\nrf.o (memcpy)
c:/program files (x86)/atollic/truestudio for stm32 9.3.0/armtools/bin/../lib/gcc/arm-atollic-eabi/6.3.1/../../../../arm-atollic-eabi/lib/armv7-m\libc_nano.a(lib_a-memset.o)
                              Drivers\STM32F1xx_HAL_Driver\Src\stm32f1xx_hal_rcc.o (memset)
c:/program files (x86)/atollic/truestudio for stm32 9.3.0/armtools/bin/../lib/gcc/arm-atollic-eabi/6.3.1/../../../../arm-atollic-eabi/lib/armv7-m\libc_nano.a(lib_a-printf.o)
                              Src\main.o (printf)
c:/program files (x86)/atollic/truestudio for stm32 9.3.0/armtools/bin/../lib/gcc/arm-atollic-eabi/6.3.1/../../../../arm-atollic-eabi/lib/armv7-m\libc_nano.a(lib_a-puts.o)
                              Src\main.o (puts)
c:/program files (x86)/atollic/truestudio for stm32 9.3.0/armtools/bin/../lib/gcc/arm-atollic-eabi/6.3.1/../../../../arm-atollic-eabi/lib/armv7-m\libc_nano.a(lib_a-sprintf.o)
                              Src\nrf.o (sprintf)
c:/program files (x86)/atollic/truestudio for stm32 9.3.0/armtools/bin/../lib/gcc/arm-atollic-eabi/6.3.1/../../../../arm-atollic-eabi/lib/armv7-m\libc_nano.a(lib_a-strcpy.o)
                              Src\nrf.o (strcpy)
c:/program files (x86)/atollic/truestudio for stm32 9.3.0/armtools/bin/../lib/gcc/arm-atollic-eabi/6.3.1/../../../../arm-atollic-eabi/lib/armv7-m\libc_nano.a(lib_a-strlen.o)
                              Src\fonts.o (strlen)
c:/program files (x86)/atollic/truestudio for stm32 9.3.0/armtools/bin/../lib/gcc/arm-atollic-eabi/6.3.1/../../../../arm-atollic-eabi/lib/armv7-m\libc_nano.a(lib_a-wbuf.o)
                              c:/program files (x86)/atollic/truestudio for stm32 9.3.0/armtools/bin/../lib/gcc/arm-atollic-eabi/6.3.1/../../../../arm-atollic-eabi/lib/armv7-m\libc_nano.a(lib_a-puts.o) (__swbuf_r)
c:/program files (x86)/atollic/truestudio for stm32 9.3.0/armtools/bin/../lib/gcc/arm-atollic-eabi/6.3.1/../../../../arm-atollic-eabi/lib/armv7-m\libc_nano.a(lib_a-wsetup.o)
                              c:/program files (x86)/atollic/truestudio for stm32 9.3.0/armtools/bin/../lib/gcc/arm-atollic-eabi/6.3.1/../../../../arm-atollic-eabi/lib/armv7-m\libc_nano.a(lib_a-puts.o) (__swsetup_r)
c:/program files (x86)/atollic/truestudio for stm32 9.3.0/armtools/bin/../lib/gcc/arm-atollic-eabi/6.3.1/../../../../arm-atollic-eabi/lib/armv7-m\libc_nano.a(lib_a-fflush.o)
                              c:/program files (x86)/atollic/truestudio for stm32 9.3.0/armtools/bin/../lib/gcc/arm-atollic-eabi/6.3.1/../../../../arm-atollic-eabi/lib/armv7-m\libc_nano.a(lib_a-wbuf.o) (_fflush_r)
c:/program files (x86)/atollic/truestudio for stm32 9.3.0/armtools/bin/../lib/gcc/arm-atollic-eabi/6.3.1/../../../../arm-atollic-eabi/lib/armv7-m\libc_nano.a(lib_a-findfp.o)
                              c:/program files (x86)/atollic/truestudio for stm32 9.3.0/armtools/bin/../lib/gcc/arm-atollic-eabi/6.3.1/../../../../arm-atollic-eabi/lib/armv7-m\libc_nano.a(lib_a-printf.o) (__sinit)
c:/program files (x86)/atollic/truestudio for stm32 9.3.0/armtools/bin/../lib/gcc/arm-atollic-eabi/6.3.1/../../../../arm-atollic-eabi/lib/armv7-m\libc_nano.a(lib_a-fwalk.o)
                              c:/program files (x86)/atollic/truestudio for stm32 9.3.0/armtools/bin/../lib/gcc/arm-atollic-eabi/6.3.1/../../../../arm-atollic-eabi/lib/armv7-m\libc_nano.a(lib_a-findfp.o) (_fwalk)
c:/program files (x86)/atollic/truestudio for stm32 9.3.0/armtools/bin/../lib/gcc/arm-atollic-eabi/6.3.1/../../../../arm-atollic-eabi/lib/armv7-m\libc_nano.a(lib_a-makebuf.o)
                              c:/program files (x86)/atollic/truestudio for stm32 9.3.0/armtools/bin/../lib/gcc/arm-atollic-eabi/6.3.1/../../../../arm-atollic-eabi/lib/armv7-m\libc_nano.a(lib_a-wsetup.o) (__smakebuf_r)
[...]
Memory Configuration

Name             Origin             Length             Attributes
RAM              0x20000000         0x0000c000         xrw
FLASH            0x08000000         0x00040000         xr
*default*        0x00000000         0xffffffff

Linker script and memory map

LOAD c:/program files (x86)/atollic/truestudio for stm32 9.3.0/armtools/bin/../lib/gcc/arm-atollic-eabi/6.3.1/armv7-m/crti.o
LOAD c:/program files (x86)/atollic/truestudio for stm32 9.3.0/armtools/bin/../lib/gcc/arm-atollic-eabi/6.3.1/armv7-m/crtbegin.o
LOAD Drivers\STM32F1xx_HAL_Driver\Src\stm32f1xx_hal.o
LOAD Drivers\STM32F1xx_HAL_Driver\Src\stm32f1xx_hal_adc.o
LOAD Drivers\STM32F1xx_HAL_Driver\Src\stm32f1xx_hal_adc_ex.o
LOAD Drivers\STM32F1xx_HAL_Driver\Src\stm32f1xx_hal_cortex.o
LOAD Drivers\STM32F1xx_HAL_Driver\Src\stm32f1xx_hal_dma.o
LOAD Drivers\STM32F1xx_HAL_Driver\Src\stm32f1xx_hal_exti.o
LOAD Drivers\STM32F1xx_HAL_Driver\Src\stm32f1xx_hal_flash.o
LOAD Drivers\STM32F1xx_HAL_Driver\Src\stm32f1xx_hal_flash_ex.o
LOAD Drivers\STM32F1xx_HAL_Driver\Src\stm32f1xx_hal_gpio.o
LOAD Drivers\STM32F1xx_HAL_Driver\Src\stm32f1xx_hal_gpio_ex.o
LOAD Drivers\STM32F1xx_HAL_Driver\Src\stm32f1xx_hal_i2c.o
LOAD Drivers\STM32F1xx_HAL_Driver\Src\stm32f1xx_hal_pwr.o
LOAD Drivers\STM32F1xx_HAL_Driver\Src\stm32f1xx_hal_rcc.o
LOAD Drivers\STM32F1xx_HAL_Driver\Src\stm32f1xx_hal_rcc_ex.o
LOAD Drivers\STM32F1xx_HAL_Driver\Src\stm32f1xx_hal_spi.o
LOAD Drivers\STM32F1xx_HAL_Driver\Src\stm32f1xx_hal_tim.o
LOAD Drivers\STM32F1xx_HAL_Driver\Src\stm32f1xx_hal_tim_ex.o
LOAD Drivers\STM32F1xx_HAL_Driver\Src\stm32f1xx_hal_uart.o
LOAD Src\fonts.o
LOAD Src\hal_mpu6050.o
LOAD Src\main.o
LOAD Src\nrf.o
LOAD Src\oled.o
LOAD Src\rc_controler.o
LOAD Src\ssd1306.o
LOAD Src\stm32f1xx_hal_msp.o
LOAD Src\stm32f1xx_it.o
LOAD Src\syscalls.o
LOAD Src\system_stm32f1xx.o
LOAD Src\test.o
LOAD startup\startup_stm32f103xe.o
                0x00000080                malloc_getpagesize_P = 0x80
START GROUP
LOAD c:/program files (x86)/atollic/truestudio for stm32 9.3.0/armtools/bin/../lib/gcc/arm-atollic-eabi/6.3.1/../../../../arm-atollic-eabi/lib/armv7-m\libc_nano.a
LOAD c:/program files (x86)/atollic/truestudio for stm32 9.3.0/armtools/bin/../lib/gcc/arm-atollic-eabi/6.3.1/../../../../arm-atollic-eabi/lib/armv7-m\libm.a
END GROUP
START GROUP
LOAD c:/program files (x86)/atollic/truestudio for stm32 9.3.0/armtools/bin/../lib/gcc/arm-atollic-eabi/6.3.1/armv7-m\libgcc.a
LOAD c:/program files (x86)/atollic/truestudio for stm32 9.3.0/armtools/bin/../lib/gcc/arm-atollic-eabi/6.3.1/../../../../arm-atollic-eabi/lib/armv7-m\libc_nano.a
END GROUP
START GROUP
LOAD c:/program files (x86)/atollic/truestudio for stm32 9.3.0/armtools/bin/../lib/gcc/arm-atollic-eabi/6.3.1/armv7-m\libgcc.a
LOAD c:/program files (x86)/atollic/truestudio for stm32 9.3.0/armtools/bin/../lib/gcc/arm-atollic-eabi/6.3.1/../../../../arm-atollic-eabi/lib/armv7-m\libc_nano.a
LOAD c:/program files (x86)/atollic/truestudio for stm32 9.3.0/armtools/bin/../lib/gcc/arm-atollic-eabi/6.3.1/../../../../arm-atollic-eabi/lib/armv7-m\libnosys.a
END GROUP
START GROUP
LOAD c:/program files (x86)/atollic/truestudio for stm32 9.3.0/armtools/bin/../lib/gcc/arm-atollic-eabi/6.3.1/armv7-m\libgcc.a
LOAD c:/program files (x86)/atollic/truestudio for stm32 9.3.0/armtools/bin/../lib/gcc/arm-atollic-eabi/6.3.1/../../../../arm-atollic-eabi/lib/armv7-m\libc_nano.a
LOAD c:/program files (x86)/atollic/truestudio for stm32 9.3.0/armtools/bin/../lib/gcc/arm-atollic-eabi/6.3.1/../../../../arm-atollic-eabi/lib/armv7-m\libnosys.a
END GROUP
LOAD c:/program files (x86)/atollic/truestudio for stm32 9.3.0/armtools/bin/../lib/gcc/arm-atollic-eabi/6.3.1/armv7-m/crtend.o
LOAD c:/program files (x86)/atollic/truestudio for stm32 9.3.0/armtools/bin/../lib/gcc/arm-atollic-eabi/6.3.1/armv7-m/crtn.o
                0x2000c000                _estack = 0x2000c000
                0x00000200                _Min_Heap_Size = 0x200
                0x00000400                _Min_Stack_Size = 0x400

.isr_vector     0x08000000      0x1e4
                0x08000000                . = ALIGN (0x4)
 *(.isr_vector)
 .isr_vector    0x08000000      0x1e4 startup\startup_stm32f103xe.o
                0x08000000                g_pfnVectors
                0x080001e4                . = ALIGN (0x4)

.text           0x080001e8     0x6950
                0x080001e8                . = ALIGN (0x4)
 *(.text)
 .text          0x080001e8       0x40 c:/program files (x86)/atollic/truestudio for stm32 9.3.0/armtools/bin/../lib/gcc/arm-atollic-eabi/6.3.1/armv7-m/crtbegin.o
 .text          0x08000228       0x10 c:/program files (x86)/atollic/truestudio for stm32 9.3.0/armtools/bin/../lib/gcc/arm-atollic-eabi/6.3.1/../../../../arm-atollic-eabi/lib/armv7-m\libc_nano.a(lib_a-strlen.o)
                0x08000228                strlen
 .text          0x08000238      0x370 c:/program files (x86)/atollic/truestudio for stm32 9.3.0/armtools/bin/../lib/gcc/arm-atollic-eabi/6.3.1/armv7-m\libgcc.a(_arm_addsubdf3.o)
                0x08000238                __aeabi_drsub
                0x08000240                __aeabi_dsub
                0x08000240                __subdf3
                0x08000244                __aeabi_dadd
                0x08000244                __adddf3
                0x080004bc                __floatunsidf
                0x080004bc                __aeabi_ui2d
                0x080004dc                __floatsidf
                0x080004dc                __aeabi_i2d
                0x08000500                __aeabi_f2d
                0x08000500                __extendsfdf2
                0x0800053c                __floatundidf
                0x0800053c                __aeabi_ul2d
                0x0800054c                __floatdidf
                0x0800054c                __aeabi_l2d
 .text          0x080005a8      0x424 c:/program files (x86)/atollic/truestudio for stm32 9.3.0/armtools/bin/../lib/gcc/arm-atollic-eabi/6.3.1/armv7-m\libgcc.a(_arm_muldivdf3.o)
                0x080005a8                __aeabi_dmul
                0x080005a8                __muldf3
                0x080007fc                __divdf3
                0x080007fc                __aeabi_ddiv
 .text          0x080009cc       0x40 c:/program files (x86)/atollic/truestudio for stm32 9.3.0/armtools/bin/../lib/gcc/arm-atollic-eabi/6.3.1/armv7-m\libgcc.a(_arm_fixunsdfsi.o)
                0x080009cc                __aeabi_d2uiz
                0x080009cc                __fixunsdfsi
 *(.text*)
 .text.HAL_InitTick
                0x08000a0c       0x48 Drivers\STM32F1xx_HAL_Driver\Src\stm32f1xx_hal.o
                0x08000a0c                HAL_InitTick
 .text.HAL_Init
                0x08000a54       0x24 Drivers\STM32F1xx_HAL_Driver\Src\stm32f1xx_hal.o
                0x08000a54                HAL_Init
 .text.HAL_IncTick
                0x08000a78       0x18 Drivers\STM32F1xx_HAL_Driver\Src\stm32f1xx_hal.o
                0x08000a78                HAL_IncTick
 .text.HAL_GetTick
                0x08000a90        0xc Drivers\STM32F1xx_HAL_Driver\Src\stm32f1xx_hal.o
                0x08000a90                HAL_GetTick
 .text.HAL_Delay
                0x08000a9c       0x24 Drivers\STM32F1xx_HAL_Driver\Src\stm32f1xx_hal.o
                0x08000a9c                HAL_Delay
 .text.HAL_ADC_ConvCpltCallback
                0x08000ac0        0x2 Drivers\STM32F1xx_HAL_Driver\Src\stm32f1xx_hal_adc.o
                0x08000ac0                HAL_ADC_ConvCpltCallback
 .text.ADC_DMAConvCplt
                0x08000ac2       0x4e Drivers\STM32F1xx_HAL_Driver\Src\stm32f1xx_hal_adc.o
                0x08000ac2                ADC_DMAConvCplt
 .text.HAL_ADC_ConvHalfCpltCallback
                0x08000b10        0x2 Drivers\STM32F1xx_HAL_Driver\Src\stm32f1xx_hal_adc.o
                0x08000b10                HAL_ADC_ConvHalfCpltCallback
 .text.ADC_DMAHalfConvCplt
                0x08000b12        0xa Drivers\STM32F1xx_HAL_Driver\Src\stm32f1xx_hal_adc.o
                0x08000b12                ADC_DMAHalfConvCplt
 .text.HAL_ADC_ErrorCallback
                0x08000b1c        0x2 Drivers\STM32F1xx_HAL_Driver\Src\stm32f1xx_hal_adc.o
                0x08000b1c                HAL_ADC_ErrorCallback
 .text.ADC_DMAError
                0x08000b1e       0x1a Drivers\STM32F1xx_HAL_Driver\Src\stm32f1xx_hal_adc.o
                0x08000b1e                ADC_DMAError
 .text.HAL_ADC_ConfigChannel
                0x08000b38      0x108 Drivers\STM32F1xx_HAL_Driver\Src\stm32f1xx_hal_adc.o
                0x08000b38                HAL_ADC_ConfigChannel
 .text.ADC_Enable
                0x08000c40       0x70 Drivers\STM32F1xx_HAL_Driver\Src\stm32f1xx_hal_adc.o
                0x08000c40                ADC_Enable
 .text.HAL_ADC_Start_DMA
                0x08000cb0      0x11c Drivers\STM32F1xx_HAL_Driver\Src\stm32f1xx_hal_adc.o
                0x08000cb0                HAL_ADC_Start_DMA
 .text.ADC_ConversionStop_Disable
                0x08000dcc       0x44 Drivers\STM32F1xx_HAL_Driver\Src\stm32f1xx_hal_adc.o
                0x08000dcc                ADC_ConversionStop_Disable
 .text.HAL_ADC_Init
                0x08000e10      0x114 Drivers\STM32F1xx_HAL_Driver\Src\stm32f1xx_hal_adc.o
                0x08000e10                HAL_ADC_Init
 .text.HAL_NVIC_SetPriorityGrouping
                0x08000f24       0x24 Drivers\STM32F1xx_HAL_Driver\Src\stm32f1xx_hal_cortex.o
                0x08000f24                HAL_NVIC_SetPriorityGrouping
 .text.HAL_NVIC_SetPriority
                0x08000f48       0x68 Drivers\STM32F1xx_HAL_Driver\Src\stm32f1xx_hal_cortex.o
                0x08000f48                HAL_NVIC_SetPriority
 .text.HAL_NVIC_EnableIRQ
                0x08000fb0       0x1c Drivers\STM32F1xx_HAL_Driver\Src\stm32f1xx_hal_cortex.o
                0x08000fb0                HAL_NVIC_EnableIRQ
 .text.HAL_SYSTICK_Config
                0x08000fcc       0x2c Drivers\STM32F1xx_HAL_Driver\Src\stm32f1xx_hal_cortex.o
                0x08000fcc                HAL_SYSTICK_Config
 .text.HAL_DMA_Init
                0x08000ff8       0x80 Drivers\STM32F1xx_HAL_Driver\Src\stm32f1xx_hal_dma.o
                0x08000ff8                HAL_DMA_Init
 .text.HAL_DMA_Start_IT
                0x08001078       0x7a Drivers\STM32F1xx_HAL_Driver\Src\stm32f1xx_hal_dma.o
                0x08001078                HAL_DMA_Start_IT
 *fill*         0x080010f2        0x2 
 .text.HAL_DMA_IRQHandler
                0x080010f4      0x1b8 Drivers\STM32F1xx_HAL_Driver\Src\stm32f1xx_hal_dma.o
                0x080010f4                HAL_DMA_IRQHandler
 .text.HAL_GPIO_Init
                0x080012ac      0x1d8 Drivers\STM32F1xx_HAL_Driver\Src\stm32f1xx_hal_gpio.o
                0x080012ac                HAL_GPIO_Init
 .text.HAL_GPIO_WritePin
                0x08001484        0xa Drivers\STM32F1xx_HAL_Driver\Src\stm32f1xx_hal_gpio.o
                0x08001484                HAL_GPIO_WritePin
 .text.HAL_GPIO_TogglePin
                0x0800148e        0xc Drivers\STM32F1xx_HAL_Driver\Src\stm32f1xx_hal_gpio.o
                0x0800148e                HAL_GPIO_TogglePin
 *fill*         0x0800149a        0x2 
 .text.HAL_GPIO_EXTI_IRQHandler
                0x0800149c       0x18 Drivers\STM32F1xx_HAL_Driver\Src\stm32f1xx_hal_gpio.o
                0x0800149c                HAL_GPIO_EXTI_IRQHandler
 .text.I2C_IsAcknowledgeFailed
                0x080014b4       0x32 Drivers\STM32F1xx_HAL_Driver\Src\stm32f1xx_hal_i2c.o
 .text.I2C_WaitOnMasterAddressFlagUntilTimeout
                0x080014e6       0x8a Drivers\STM32F1xx_HAL_Driver\Src\stm32f1xx_hal_i2c.o
 .text.I2C_WaitOnBTFFlagUntilTimeout
                0x08001570       0x4c Drivers\STM32F1xx_HAL_Driver\Src\stm32f1xx_hal_i2c.o
 .text.I2C_WaitOnRXNEFlagUntilTimeout
                0x080015bc       0x5e Drivers\STM32F1xx_HAL_Driver\Src\stm32f1xx_hal_i2c.o
 .text.I2C_WaitOnFlagUntilTimeout
                0x0800161a       0x64 Drivers\STM32F1xx_HAL_Driver\Src\stm32f1xx_hal_i2c.o
 .text.I2C_WaitOnTXEFlagUntilTimeout
                0x0800167e       0x4c Drivers\STM32F1xx_HAL_Driver\Src\stm32f1xx_hal_i2c.o
 *fill*         0x080016ca        0x2 
 .text.I2C_RequestMemoryWrite
                0x080016cc       0x9c Drivers\STM32F1xx_HAL_Driver\Src\stm32f1xx_hal_i2c.o
 .text.I2C_RequestMemoryRead
                0x08001768       0xec Drivers\STM32F1xx_HAL_Driver\Src\stm32f1xx_hal_i2c.o
 .text.HAL_I2C_Init
                0x08001854      0x148 Drivers\STM32F1xx_HAL_Driver\Src\stm32f1xx_hal_i2c.o
                0x08001854                HAL_I2C_Init
 .text.HAL_I2C_Master_Transmit
                0x0800199c      0x19c Drivers\STM32F1xx_HAL_Driver\Src\stm32f1xx_hal_i2c.o
                0x0800199c                HAL_I2C_Master_Transmit
 .text.HAL_I2C_Master_Receive
                0x08001b38      0x2f0 Drivers\STM32F1xx_HAL_Driver\Src\stm32f1xx_hal_i2c.o
                0x08001b38                HAL_I2C_Master_Receive
 .text.HAL_I2C_Mem_Write
                0x08001e28      0x120 Drivers\STM32F1xx_HAL_Driver\Src\stm32f1xx_hal_i2c.o
                0x08001e28                HAL_I2C_Mem_Write
 .text.HAL_I2C_Mem_Read
                0x08001f48      0x234 Drivers\STM32F1xx_HAL_Driver\Src\stm32f1xx_hal_i2c.o
                0x08001f48                HAL_I2C_Mem_Read
 .text.HAL_I2C_IsDeviceReady
                0x0800217c      0x154 Drivers\STM32F1xx_HAL_Driver\Src\stm32f1xx_hal_i2c.o
                0x0800217c                HAL_I2C_IsDeviceReady
 .text.HAL_RCC_OscConfig
                0x080022d0      0x33c Drivers\STM32F1xx_HAL_Driver\Src\stm32f1xx_hal_rcc.o
                0x080022d0                HAL_RCC_OscConfig
 .text.HAL_RCC_GetSysClockFreq
                0x0800260c       0x78 Drivers\STM32F1xx_HAL_Driver\Src\stm32f1xx_hal_rcc.o
                0x0800260c                HAL_RCC_GetSysClockFreq
 .text.HAL_RCC_ClockConfig
                0x08002684      0x13c Drivers\STM32F1xx_HAL_Driver\Src\stm32f1xx_hal_rcc.o
                0x08002684                HAL_RCC_ClockConfig
 .text.HAL_RCC_GetPCLK1Freq
                0x080027c0       0x20 Drivers\STM32F1xx_HAL_Driver\Src\stm32f1xx_hal_rcc.o
                0x080027c0                HAL_RCC_GetPCLK1Freq
 .text.HAL_RCC_GetPCLK2Freq
                0x080027e0       0x20 Drivers\STM32F1xx_HAL_Driver\Src\stm32f1xx_hal_rcc.o
                0x080027e0                HAL_RCC_GetPCLK2Freq
 .text.HAL_RCCEx_PeriphCLKConfig
                0x08002800       0xf0 Drivers\STM32F1xx_HAL_Driver\Src\stm32f1xx_hal_rcc_ex.o
                0x08002800                HAL_RCCEx_PeriphCLKConfig
 .text.SPI_WaitFlagStateUntilTimeout.constprop.8
                0x080028f0       0x76 Drivers\STM32F1xx_HAL_Driver\Src\stm32f1xx_hal_spi.o
 .text.SPI_EndRxTransaction
                0x08002966       0x4e Drivers\STM32F1xx_HAL_Driver\Src\stm32f1xx_hal_spi.o
 .text.SPI_EndRxTxTransaction
                0x080029b4       0x1c Drivers\STM32F1xx_HAL_Driver\Src\stm32f1xx_hal_spi.o
 .text.HAL_SPI_Init
                0x080029d0       0x76 Drivers\STM32F1xx_HAL_Driver\Src\stm32f1xx_hal_spi.o
                0x080029d0                HAL_SPI_Init
 .text.HAL_SPI_Transmit
                0x08002a46      0x152 Drivers\STM32F1xx_HAL_Driver\Src\stm32f1xx_hal_spi.o
                0x08002a46                HAL_SPI_Transmit
 .text.HAL_SPI_TransmitReceive
                0x08002b98      0x1e0 Drivers\STM32F1xx_HAL_Driver\Src\stm32f1xx_hal_spi.o
                0x08002b98                HAL_SPI_TransmitReceive
 .text.HAL_SPI_Receive
                0x08002d78      0x12e Drivers\STM32F1xx_HAL_Driver\Src\stm32f1xx_hal_spi.o
                0x08002d78                HAL_SPI_Receive
 .text.HAL_TIM_Base_Start_IT
                0x08002ea6       0x20 Drivers\STM32F1xx_HAL_Driver\Src\stm32f1xx_hal_tim.o
                0x08002ea6                HAL_TIM_Base_Start_IT
 .text.HAL_TIM_Encoder_Start
                0x08002ec6       0x44 Drivers\STM32F1xx_HAL_Driver\Src\stm32f1xx_hal_tim.o
                0x08002ec6                HAL_TIM_Encoder_Start
 .text.HAL_TIM_OC_DelayElapsedCallback
                0x08002f0a        0x2 Drivers\STM32F1xx_HAL_Driver\Src\stm32f1xx_hal_tim.o
                0x08002f0a                HAL_TIM_OC_DelayElapsedCallback
 .text.HAL_TIM_IC_CaptureCallback
                0x08002f0c        0x2 Drivers\STM32F1xx_HAL_Driver\Src\stm32f1xx_hal_tim.o
                0x08002f0c                HAL_TIM_IC_CaptureCallback
 .text.HAL_TIM_PWM_PulseFinishedCallback
                0x08002f0e        0x2 Drivers\STM32F1xx_HAL_Driver\Src\stm32f1xx_hal_tim.o
                0x08002f0e                HAL_TIM_PWM_PulseFinishedCallback
 .text.HAL_TIM_TriggerCallback
                0x08002f10        0x2 Drivers\STM32F1xx_HAL_Driver\Src\stm32f1xx_hal_tim.o
                0x08002f10                HAL_TIM_TriggerCallback
 .text.HAL_TIM_IRQHandler
                0x08002f12      0x144 Drivers\STM32F1xx_HAL_Driver\Src\stm32f1xx_hal_tim.o
                0x08002f12                HAL_TIM_IRQHandler
 *fill*         0x08003056        0x2 
 .text.TIM_Base_SetConfig
                0x08003058       0x98 Drivers\STM32F1xx_HAL_Driver\Src\stm32f1xx_hal_tim.o
                0x08003058                TIM_Base_SetConfig
 .text.HAL_TIM_Base_Init
                0x080030f0       0x34 Drivers\STM32F1xx_HAL_Driver\Src\stm32f1xx_hal_tim.o
                0x080030f0                HAL_TIM_Base_Init
 .text.HAL_TIM_Encoder_Init
                0x08003124       0x96 Drivers\STM32F1xx_HAL_Driver\Src\stm32f1xx_hal_tim.o
                0x08003124                HAL_TIM_Encoder_Init
 .text.HAL_TIMEx_MasterConfigSynchronization
                0x080031ba       0x3c Drivers\STM32F1xx_HAL_Driver\Src\stm32f1xx_hal_tim_ex.o
                0x080031ba                HAL_TIMEx_MasterConfigSynchronization
 .text.HAL_TIMEx_CommutCallback
                0x080031f6        0x2 Drivers\STM32F1xx_HAL_Driver\Src\stm32f1xx_hal_tim_ex.o
                0x080031f6                HAL_TIMEx_CommutCallback
 .text.HAL_TIMEx_BreakCallback
                0x080031f8        0x2 Drivers\STM32F1xx_HAL_Driver\Src\stm32f1xx_hal_tim_ex.o
                0x080031f8                HAL_TIMEx_BreakCallback
 *fill*         0x080031fa        0x2 
 .text.UART_SetConfig
                0x080031fc       0x74 Drivers\STM32F1xx_HAL_Driver\Src\stm32f1xx_hal_uart.o
 .text.UART_WaitOnFlagUntilTimeout.constprop.3
                0x08003270       0x50 Drivers\STM32F1xx_HAL_Driver\Src\stm32f1xx_hal_uart.o
 .text.HAL_UART_Init
                0x080032c0       0x5c Drivers\STM32F1xx_HAL_Driver\Src\stm32f1xx_hal_uart.o
                0x080032c0                HAL_UART_Init
 .text.HAL_UART_Transmit
                0x0800331c       0xb8 Drivers\STM32F1xx_HAL_Driver\Src\stm32f1xx_hal_uart.o
                0x0800331c                HAL_UART_Transmit
 .text.MPU6050_SetDataRate
                0x080033d4       0x2c Src\hal_mpu6050.o
                0x080033d4                MPU6050_SetDataRate
 .text.MPU6050_SetAccelerometer
                0x08003400       0xa2 Src\hal_mpu6050.o
                0x08003400                MPU6050_SetAccelerometer
 *fill*         0x080034a2        0x2 
 .text.MPU6050_SetGyroscope
                0x080034a4       0xac Src\hal_mpu6050.o
                0x080034a4                MPU6050_SetGyroscope
 .text.MPU6050_Init
                0x08003550       0xa6 Src\hal_mpu6050.o
                0x08003550                MPU6050_Init
 *fill*         0x080035f6        0x2 
 .text.updateRcChannels
                0x080035f8        0xc Src\main.o
                0x080035f8                updateRcChannels
 .text.updateScreen
                0x08003604       0x74 Src\main.o
                0x08003604                updateScreen
 .text.radioTransmit
                0x08003678       0x54 Src\main.o
                0x08003678                radioTransmit
 .text.SystemClock_Config
                0x080036cc       0x6e Src\main.o
                0x080036cc                SystemClock_Config
 *fill*         0x0800373a        0x2 
 .text.startup.main
                0x0800373c      0x4f0 Src\main.o
                0x0800373c                main
 .text._write   0x08003c2c       0x18 Src\main.o
                0x08003c2c                _write
 .text.HAL_TIM_PeriodElapsedCallback
                0x08003c44       0x2c Src\main.o
                0x08003c44                HAL_TIM_PeriodElapsedCallback
 .text.HAL_GPIO_EXTI_Callback
                0x08003c70       0x3c Src\main.o
                0x08003c70                HAL_GPIO_EXTI_Callback
 .text.Error_Handler
                0x08003cac        0x2 Src\main.o
                0x08003cac                Error_Handler
 *fill*         0x08003cae        0x2 
 .text.NRF24_csn.part.0
                0x08003cb0       0x18 Src\nrf.o
 .text.NRF24_ce.part.1
                0x08003cc8       0x18 Src\nrf.o
 .text.NRF24_csn
                0x08003ce0       0x1c Src\nrf.o
                0x08003ce0                NRF24_csn
 .text.NRF24_ce
                0x08003cfc       0x1c Src\nrf.o
                0x08003cfc                NRF24_ce
 .text.NRF24_read_register
                0x08003d18       0x40 Src\nrf.o
                0x08003d18                NRF24_read_register
 .text.NRF24_read_registerN
                0x08003d58       0x3c Src\nrf.o
                0x08003d58                NRF24_read_registerN
 .text.NRF24_write_register
                0x08003d94       0x30 Src\nrf.o
                0x08003d94                NRF24_write_register
 .text.NRF24_write_registerN
                0x08003dc4       0x3c Src\nrf.o
                0x08003dc4                NRF24_write_registerN
 .text.NRF24_write_payload
                0x08003e00       0x38 Src\nrf.o
                0x08003e00                NRF24_write_payload
 .text.NRF24_flush_tx
                0x08003e38        0x8 Src\nrf.o
                0x08003e38                NRF24_flush_tx
 .text.NRF24_flush_rx
                0x08003e40        0x8 Src\nrf.o
                0x08003e40                NRF24_flush_rx
 .text.NRF24_get_status
                0x08003e48        0x6 Src\nrf.o
                0x08003e48                NRF24_get_status
 .text.NRF24_stopListening
                0x08003e4e       0x14 Src\nrf.o
                0x08003e4e                NRF24_stopListening
 *fill*         0x08003e62        0x2 
 .text.NRF24_openWritingPipe
                0x08003e64       0x34 Src\nrf.o
                0x08003e64                NRF24_openWritingPipe
 .text.NRF24_setChannel
                0x08003e98        0xe Src\nrf.o
                0x08003e98                NRF24_setChannel
 .text.NRF24_getDynamicPayloadSize
                0x08003ea6        0x6 Src\nrf.o
                0x08003ea6                NRF24_getDynamicPayloadSize
 .text.NRF24_disableDynamicPayloads
                0x08003eac       0x1e Src\nrf.o
                0x08003eac                NRF24_disableDynamicPayloads
 .text.NRF24_setAutoAck
                0x08003eca        0xc Src\nrf.o
                0x08003eca                NRF24_setAutoAck
 .text.NRF24_setPALevel
                0x08003ed6       0x3a Src\nrf.o
                0x08003ed6                NRF24_setPALevel
 .text.NRF24_setDataRate
                0x08003f10       0x36 Src\nrf.o
                0x08003f10                NRF24_setDataRate
 .text.NRF24_setCRCLength
                0x08003f46       0x26 Src\nrf.o
                0x08003f46                NRF24_setCRCLength
 .text.NRF24_powerDown
                0x08003f6c       0x16 Src\nrf.o
                0x08003f6c                NRF24_powerDown
 .text.NRF24_availablePipe
                0x08003f82       0x38 Src\nrf.o
                0x08003f82                NRF24_availablePipe
 .text.NRF24_available
                0x08003fba        0x6 Src\nrf.o
                0x08003fba                NRF24_available
 .text.NRF24_startWrite
                0x08003fc0       0x3a Src\nrf.o
                0x08003fc0                NRF24_startWrite
 .text.NRF24_whatHappened
                0x08003ffa       0x2e Src\nrf.o
                0x08003ffa                NRF24_whatHappened
 .text.NRF24_resetStatus
                0x08004028        0x8 Src\nrf.o
                0x08004028                NRF24_resetStatus
 .text.NRF24_write
                0x08004030       0x70 Src\nrf.o
                0x08004030                NRF24_write
 .text.NRF24_ACTIVATE_cmd
                0x080040a0       0x30 Src\nrf.o
                0x080040a0                NRF24_ACTIVATE_cmd
 .text.printRadioSettings
                0x080040d0      0x4dc Src\nrf.o
                0x080040d0                printRadioSettings
 .text.NRF24_begin
                0x080045ac      0x1a4 Src\nrf.o
                0x080045ac                NRF24_begin
 .text.nrf24_DebugUART_Init
                0x08004750       0x30 Src\nrf.o
                0x08004750                nrf24_DebugUART_Init
 .text.initNRF24andPrintStatus
                0x08004780       0x80 Src\nrf.o
                0x08004780                initNRF24andPrintStatus
 .text.oledInit
                0x08004800       0x20 Src\oled.o
                0x08004800                oledInit
 .text.oledPrintInitScreen
                0x08004820       0xc0 Src\oled.o
                0x08004820                oledPrintInitScreen
 .text.oledDrawValueBars
                0x080048e0      0x114 Src\oled.o
                0x080048e0                oledDrawValueBars
 .text.oledPrintEncValues
                0x080049f4       0x6c Src\oled.o
                0x080049f4                oledPrintEncValues
 .text.oledPrintMainScreen
                0x08004a60       0xac Src\oled.o
                0x08004a60                oledPrintMainScreen
 .text.oledPrintCalibScreen
                0x08004b0c       0xa4 Src\oled.o
                0x08004b0c                oledPrintCalibScreen
 .text.map_values_sbus
                0x08004bb0       0x24 Src\rc_controler.o
                0x08004bb0                map_values_sbus
 .text.update_rc_mode
                0x08004bd4       0x10 Src\rc_controler.o
                0x08004bd4                update_rc_mode
 *fill*         0x08004be4        0x4 
 .text.update_rc_channels
                0x08004be8      0x110 Src\rc_controler.o
                0x08004be8                update_rc_channels
 .text.calibrate_channel
                0x08004cf8       0x70 Src\rc_controler.o
                0x08004cf8                calibrate_channel
 .text.SSD1306_Fill
                0x08004d68       0x18 Src\ssd1306.o
                0x08004d68                SSD1306_Fill
 .text.SSD1306_DrawPixel
                0x08004d80       0x48 Src\ssd1306.o
                0x08004d80                SSD1306_DrawPixel
 .text.SSD1306_DrawBitmap
                0x08004dc8       0x80 Src\ssd1306.o
                0x08004dc8                SSD1306_DrawBitmap
 .text.SSD1306_GotoXY
                0x08004e48        0xc Src\ssd1306.o
                0x08004e48                SSD1306_GotoXY
 .text.SSD1306_Putc
                0x08004e54       0x98 Src\ssd1306.o
                0x08004e54                SSD1306_Putc
 .text.SSD1306_Puts
                0x08004eec       0x22 Src\ssd1306.o
                0x08004eec                SSD1306_Puts
 .text.SSD1306_DrawLine
                0x08004f0e      0x12a Src\ssd1306.o
                0x08004f0e                SSD1306_DrawLine
 .text.SSD1306_DrawRectangle
                0x08005038       0x82 Src\ssd1306.o
                0x08005038                SSD1306_DrawRectangle
 .text.SSD1306_DrawFilledRectangle
                0x080050ba       0x62 Src\ssd1306.o
                0x080050ba                SSD1306_DrawFilledRectangle
 .text.ssd1306_I2C_WriteMulti
                0x0800511c       0x38 Src\ssd1306.o
                0x0800511c                ssd1306_I2C_WriteMulti
 .text.ssd1306_I2C_Write
                0x08005154       0x24 Src\ssd1306.o
                0x08005154                ssd1306_I2C_Write
 .text.SSD1306_UpdateScreen
                0x08005178       0x44 Src\ssd1306.o
                0x08005178                SSD1306_UpdateScreen
 .text.SSD1306_Clear
                0x080051bc       0x10 Src\ssd1306.o
                0x080051bc                SSD1306_Clear
 .text.SSD1306_Init
                0x080051cc      0x15c Src\ssd1306.o
                0x080051cc                SSD1306_Init
 .text.HAL_MspInit
                0x08005328       0x44 Src\stm32f1xx_hal_msp.o
                0x08005328                HAL_MspInit
 .text.HAL_ADC_MspInit
                0x0800536c       0xe0 Src\stm32f1xx_hal_msp.o
                0x0800536c                HAL_ADC_MspInit
 .text.HAL_I2C_MspInit
                0x0800544c       0xbc Src\stm32f1xx_hal_msp.o
                0x0800544c                HAL_I2C_MspInit
 .text.HAL_SPI_MspInit
                0x08005508       0x84 Src\stm32f1xx_hal_msp.o
                0x08005508                HAL_SPI_MspInit
 .text.HAL_TIM_Encoder_MspInit
                0x0800558c       0x60 Src\stm32f1xx_hal_msp.o
                0x0800558c                HAL_TIM_Encoder_MspInit
 .text.HAL_TIM_Base_MspInit
                0x080055ec       0x3c Src\stm32f1xx_hal_msp.o
                0x080055ec                HAL_TIM_Base_MspInit
 .text.HAL_UART_MspInit
                0x08005628       0xec Src\stm32f1xx_hal_msp.o
                0x08005628                HAL_UART_MspInit
 .text.NMI_Handler
                0x08005714        0x2 Src\stm32f1xx_it.o
                0x08005714                NMI_Handler
 .text.HardFault_Handler
                0x08005716        0x2 Src\stm32f1xx_it.o
                0x08005716                HardFault_Handler
 .text.MemManage_Handler
                0x08005718        0x2 Src\stm32f1xx_it.o
                0x08005718                MemManage_Handler
 .text.BusFault_Handler
                0x0800571a        0x2 Src\stm32f1xx_it.o
                0x0800571a                BusFault_Handler
 .text.UsageFault_Handler
                0x0800571c        0x2 Src\stm32f1xx_it.o
                0x0800571c                UsageFault_Handler
 .text.SVC_Handler
                0x0800571e        0x2 Src\stm32f1xx_it.o
                0x0800571e                SVC_Handler
 .text.DebugMon_Handler
                0x08005720        0x2 Src\stm32f1xx_it.o
                0x08005720                DebugMon_Handler
 .text.PendSV_Handler
                0x08005722        0x2 Src\stm32f1xx_it.o
                0x08005722                PendSV_Handler
 .text.SysTick_Handler
                0x08005724        0x4 Src\stm32f1xx_it.o
                0x08005724                SysTick_Handler
 .text.DMA1_Channel1_IRQHandler
                0x08005728        0xc Src\stm32f1xx_it.o
                0x08005728                DMA1_Channel1_IRQHandler
 .text.EXTI15_10_IRQHandler
                0x08005734        0x8 Src\stm32f1xx_it.o
                0x08005734                EXTI15_10_IRQHandler
 .text.TIM6_IRQHandler
                0x0800573c        0xc Src\stm32f1xx_it.o
                0x0800573c                TIM6_IRQHandler
 .text._read    0x08005748       0x1c Src\syscalls.o
                0x08005748                _read
 .text._sbrk    0x08005764       0x34 Src\syscalls.o
                0x08005764                _sbrk
 .text._close   0x08005798        0x6 Src\syscalls.o
                0x08005798                _close
 .text._fstat   0x0800579e        0xa Src\syscalls.o
                0x0800579e                _fstat
 .text._isatty  0x080057a8        0x4 Src\syscalls.o
                0x080057a8                _isatty
 .text._lseek   0x080057ac        0x4 Src\syscalls.o
                0x080057ac                _lseek
 .text.SystemInit
                0x080057b0       0x4c Src\system_stm32f1xx.o
                0x080057b0                SystemInit
 .text.Reset_Handler
                0x080057fc       0x48 startup\startup_stm32f103xe.o
                0x080057fc                Reset_Handler
 .text.Default_Handler
                0x08005844        0x2 startup\startup_stm32f103xe.o
                0x08005844                RTC_Alarm_IRQHandler
                0x08005844                EXTI2_IRQHandler
                0x08005844                TIM8_TRG_COM_IRQHandler
                0x08005844                TIM8_CC_IRQHandler
                0x08005844                TIM1_CC_IRQHandler
                0x08005844                PVD_IRQHandler
                0x08005844                SDIO_IRQHandler
                0x08005844                EXTI3_IRQHandler
                0x08005844                EXTI0_IRQHandler
                0x08005844                I2C2_EV_IRQHandler
                0x08005844                ADC1_2_IRQHandler
                0x08005844                SPI1_IRQHandler
                0x08005844                TAMPER_IRQHandler
                0x08005844                TIM8_UP_IRQHandler
                0x08005844                DMA2_Channel2_IRQHandler
                0x08005844                DMA1_Channel4_IRQHandler
                0x08005844                USART3_IRQHandler
                0x08005844                RTC_IRQHandler
                0x08005844                DMA1_Channel7_IRQHandler
                0x08005844                CAN1_RX1_IRQHandler
                0x08005844                UART5_IRQHandler
                0x08005844                ADC3_IRQHandler
                0x08005844                TIM4_IRQHandler
                0x08005844                DMA2_Channel1_IRQHandler
                0x08005844                I2C1_EV_IRQHandler
                0x08005844                DMA1_Channel6_IRQHandler
                0x08005844                UART4_IRQHandler
                0x08005844                TIM3_IRQHandler
                0x08005844                RCC_IRQHandler
                0x08005844                TIM1_TRG_COM_IRQHandler
                0x08005844                Default_Handler
                0x08005844                TIM7_IRQHandler
                0x08005844                TIM5_IRQHandler
                0x08005844                EXTI9_5_IRQHandler
                0x08005844                SPI2_IRQHandler
                0x08005844                DMA1_Channel5_IRQHandler
                0x08005844                EXTI4_IRQHandler
                0x08005844                USB_LP_CAN1_RX0_IRQHandler
                0x08005844                USB_HP_CAN1_TX_IRQHandler
                0x08005844                DMA1_Channel3_IRQHandler
                0x08005844                FSMC_IRQHandler
                0x08005844                TIM1_UP_IRQHandler
                0x08005844                WWDG_IRQHandler
                0x08005844                TIM2_IRQHandler
                0x08005844                TIM1_BRK_IRQHandler
                0x08005844                EXTI1_IRQHandler
                0x08005844                DMA2_Channel4_5_IRQHandler
                0x08005844                USART2_IRQHandler
                0x08005844                I2C2_ER_IRQHandler
                0x08005844                DMA1_Channel2_IRQHandler
                0x08005844                TIM8_BRK_IRQHandler
                0x08005844                CAN1_SCE_IRQHandler
                0x08005844                FLASH_IRQHandler
                0x08005844                USART1_IRQHandler
                0x08005844                SPI3_IRQHandler
                0x08005844                I2C1_ER_IRQHandler
                0x08005844                USBWakeUp_IRQHandler
                0x08005844                DMA2_Channel3_IRQHandler
 *fill*         0x08005846        0x2 
 .text.__errno  0x08005848        0xc c:/program files (x86)/atollic/truestudio for stm32 9.3.0/armtools/bin/../lib/gcc/arm-atollic-eabi/6.3.1/../../../../arm-atollic-eabi/lib/armv7-m\libc_nano.a(lib_a-errno.o)
                0x08005848                __errno
 .text.__libc_init_array
                0x08005854       0x48 c:/program files (x86)/atollic/truestudio for stm32 9.3.0/armtools/bin/../lib/gcc/arm-atollic-eabi/6.3.1/../../../../arm-atollic-eabi/lib/armv7-m\libc_nano.a(lib_a-init.o)
                0x08005854                __libc_init_array
 .text.memcpy   0x0800589c       0x16 c:/program files (x86)/atollic/truestudio for stm32 9.3.0/armtools/bin/../lib/gcc/arm-atollic-eabi/6.3.1/../../../../arm-atollic-eabi/lib/armv7-m\libc_nano.a(lib_a-memcpy-stub.o)
                0x0800589c                memcpy
 .text.memset   0x080058b2       0x10 c:/program files (x86)/atollic/truestudio for stm32 9.3.0/armtools/bin/../lib/gcc/arm-atollic-eabi/6.3.1/../../../../arm-atollic-eabi/lib/armv7-m\libc_nano.a(lib_a-memset.o)
                0x080058b2                memset
 *fill*         0x080058c2        0x2 
 .text.printf   0x080058c4       0x30 c:/program files (x86)/atollic/truestudio for stm32 9.3.0/armtools/bin/../lib/gcc/arm-atollic-eabi/6.3.1/../../../../arm-atollic-eabi/lib/armv7-m\libc_nano.a(lib_a-printf.o)
                0x080058c4                iprintf
                0x080058c4                printf
 .text._puts_r  0x080058f4       0xb8 c:/program files (x86)/atollic/truestudio for stm32 9.3.0/armtools/bin/../lib/gcc/arm-atollic-eabi/6.3.1/../../../../arm-atollic-eabi/lib/armv7-m\libc_nano.a(lib_a-puts.o)
                0x080058f4                _puts_r
 .text.puts     0x080059ac       0x10 c:/program files (x86)/atollic/truestudio for stm32 9.3.0/armtools/bin/../lib/gcc/arm-atollic-eabi/6.3.1/../../../../arm-atollic-eabi/lib/armv7-m\libc_nano.a(lib_a-puts.o)
                0x080059ac                puts
 .text.sprintf  0x080059bc       0x48 c:/program files (x86)/atollic/truestudio for stm32 9.3.0/armtools/bin/../lib/gcc/arm-atollic-eabi/6.3.1/../../../../arm-atollic-eabi/lib/armv7-m\libc_nano.a(lib_a-sprintf.o)
                0x080059bc                siprintf
                0x080059bc                sprintf
 .text.strcpy   0x08005a04       0x10 c:/program files (x86)/atollic/truestudio for stm32 9.3.0/armtools/bin/../lib/gcc/arm-atollic-eabi/6.3.1/../../../../arm-atollic-eabi/lib/armv7-m\libc_nano.a(lib_a-strcpy.o)
                0x08005a04                strcpy
 .text.__swbuf_r
                0x08005a14       0xa4 c:/program files (x86)/atollic/truestudio for stm32 9.3.0/armtools/bin/../lib/gcc/arm-atollic-eabi/6.3.1/../../../../arm-atollic-eabi/lib/armv7-m\libc_nano.a(lib_a-wbuf.o)
                0x08005a14                __swbuf_r
 .text.__swsetup_r
                0x08005ab8       0xdc c:/program files (x86)/atollic/truestudio for stm32 9.3.0/armtools/bin/../lib/gcc/arm-atollic-eabi/6.3.1/../../../../arm-atollic-eabi/lib/armv7-m\libc_nano.a(lib_a-wsetup.o)
                0x08005ab8                __swsetup_r
 .text.__sflush_r
                0x08005b94      0x110 c:/program files (x86)/atollic/truestudio for stm32 9.3.0/armtools/bin/../lib/gcc/arm-atollic-eabi/6.3.1/../../../../arm-atollic-eabi/lib/armv7-m\libc_nano.a(lib_a-fflush.o)
                0x08005b94                __sflush_r
 .text._fflush_r
                0x08005ca4       0x54 c:/program files (x86)/atollic/truestudio for stm32 9.3.0/armtools/bin/../lib/gcc/arm-atollic-eabi/6.3.1/../../../../arm-atollic-eabi/lib/armv7-m\libc_nano.a(lib_a-fflush.o)
                0x08005ca4                _fflush_r
 .text._cleanup_r
                0x08005cf8        0xc c:/program files (x86)/atollic/truestudio for stm32 9.3.0/armtools/bin/../lib/gcc/arm-atollic-eabi/6.3.1/../../../../arm-atollic-eabi/lib/armv7-m\libc_nano.a(lib_a-findfp.o)
                0x08005cf8                _cleanup_r
 .text.std.isra.0
                0x08005d04       0x48 c:/program files (x86)/atollic/truestudio for stm32 9.3.0/armtools/bin/../lib/gcc/arm-atollic-eabi/6.3.1/../../../../arm-atollic-eabi/lib/armv7-m\libc_nano.a(lib_a-findfp.o)
 .text.__sfmoreglue
                0x08005d4c       0x2c c:/program files (x86)/atollic/truestudio for stm32 9.3.0/armtools/bin/../lib/gcc/arm-atollic-eabi/6.3.1/../../../../arm-atollic-eabi/lib/armv7-m\libc_nano.a(lib_a-findfp.o)
                0x08005d4c                __sfmoreglue
 .text.__sinit  0x08005d78       0x60 c:/program files (x86)/atollic/truestudio for stm32 9.3.0/armtools/bin/../lib/gcc/arm-atollic-eabi/6.3.1/../../../../arm-atollic-eabi/lib/armv7-m\libc_nano.a(lib_a-findfp.o)
                0x08005d78                __sinit
 .text.__sfp    0x08005dd8       0x78 c:/program files (x86)/atollic/truestudio for stm32 9.3.0/armtools/bin/../lib/gcc/arm-atollic-eabi/6.3.1/../../../../arm-atollic-eabi/lib/armv7-m\libc_nano.a(lib_a-findfp.o)
                0x08005dd8                __sfp
 .text._fwalk_reent
                0x08005e50       0x3c c:/program files (x86)/atollic/truestudio for stm32 9.3.0/armtools/bin/../lib/gcc/arm-atollic-eabi/6.3.1/../../../../arm-atollic-eabi/lib/armv7-m\libc_nano.a(lib_a-fwalk.o)
                0x08005e50                _fwalk_reent
 .text.__swhatbuf_r
                0x08005e8c       0x48 c:/program files (x86)/atollic/truestudio for stm32 9.3.0/armtools/bin/../lib/gcc/arm-atollic-eabi/6.3.1/../../../../arm-atollic-eabi/lib/armv7-m\libc_nano.a(lib_a-makebuf.o)
                0x08005e8c                __swhatbuf_r
 .text.__smakebuf_r
                0x08005ed4       0x80 c:/program files (x86)/atollic/truestudio for stm32 9.3.0/armtools/bin/../lib/gcc/arm-atollic-eabi/6.3.1/../../../../arm-atollic-eabi/lib/armv7-m\libc_nano.a(lib_a-makebuf.o)
                0x08005ed4                __smakebuf_r
 .text._free_r  0x08005f54       0x98 c:/program files (x86)/atollic/truestudio for stm32 9.3.0/armtools/bin/../lib/gcc/arm-atollic-eabi/6.3.1/../../../../arm-atollic-eabi/lib/armv7-m\libc_nano.a(lib_a-nano-freer.o)
                0x08005f54                _free_r
 .text._malloc_r
                0x08005fec       0xbc c:/program files (x86)/atollic/truestudio for stm32 9.3.0/armtools/bin/../lib/gcc/arm-atollic-eabi/6.3.1/../../../../arm-atollic-eabi/lib/armv7-m\libc_nano.a(lib_a-nano-mallocr.o)
                0x08005fec                _malloc_r
 .text.__ssputs_r
                0x080060a8       0xb6 c:/program files (x86)/atollic/truestudio for stm32 9.3.0/armtools/bin/../lib/gcc/arm-atollic-eabi/6.3.1/../../../../arm-atollic-eabi/lib/armv7-m\libc_nano.a(lib_a-nano-svfprintf.o)
                0x080060a8                __ssputs_r
 *fill*         0x0800615e        0x2 
 .text._svfprintf_r
                0x08006160      0x1e8 c:/program files (x86)/atollic/truestudio for stm32 9.3.0/armtools/bin/../lib/gcc/arm-atollic-eabi/6.3.1/../../../../arm-atollic-eabi/lib/armv7-m\libc_nano.a(lib_a-nano-svfprintf.o)
                0x08006160                _svfiprintf_r
                0x08006160                _svfprintf_r
 .text.__sfputc_r
                0x08006348       0x2c c:/program files (x86)/atollic/truestudio for stm32 9.3.0/armtools/bin/../lib/gcc/arm-atollic-eabi/6.3.1/../../../../arm-atollic-eabi/lib/armv7-m\libc_nano.a(lib_a-nano-vfprintf.o)
 .text.__sfputs_r
                0x08006374       0x24 c:/program files (x86)/atollic/truestudio for stm32 9.3.0/armtools/bin/../lib/gcc/arm-atollic-eabi/6.3.1/../../../../arm-atollic-eabi/lib/armv7-m\libc_nano.a(lib_a-nano-vfprintf.o)
                0x08006374                __sfputs_r
 .text._vfprintf_r
                0x08006398      0x22c c:/program files (x86)/atollic/truestudio for stm32 9.3.0/armtools/bin/../lib/gcc/arm-atollic-eabi/6.3.1/../../../../arm-atollic-eabi/lib/armv7-m\libc_nano.a(lib_a-nano-vfprintf.o)
                0x08006398                _vfprintf_r
                0x08006398                _vfiprintf_r
 .text._printf_common
                0x080065c4       0xee c:/program files (x86)/atollic/truestudio for stm32 9.3.0/armtools/bin/../lib/gcc/arm-atollic-eabi/6.3.1/../../../../arm-atollic-eabi/lib/armv7-m\libc_nano.a(lib_a-nano-vfprintf_i.o)
                0x080065c4                _printf_common
 *fill*         0x080066b2        0x2 
 .text._printf_i
                0x080066b4      0x240 c:/program files (x86)/atollic/truestudio for stm32 9.3.0/armtools/bin/../lib/gcc/arm-atollic-eabi/6.3.1/../../../../arm-atollic-eabi/lib/armv7-m\libc_nano.a(lib_a-nano-vfprintf_i.o)
                0x080066b4                _printf_i
 .text._sbrk_r  0x080068f4       0x20 c:/program files (x86)/atollic/truestudio for stm32 9.3.0/armtools/bin/../lib/gcc/arm-atollic-eabi/6.3.1/../../../../arm-atollic-eabi/lib/armv7-m\libc_nano.a(lib_a-sbrkr.o)
                0x080068f4                _sbrk_r
 .text.__sread  0x08006914       0x22 c:/program files (x86)/atollic/truestudio for stm32 9.3.0/armtools/bin/../lib/gcc/arm-atollic-eabi/6.3.1/../../../../arm-atollic-eabi/lib/armv7-m\libc_nano.a(lib_a-stdio.o)
                0x08006914                __sread
 .text.__swrite
                0x08006936       0x38 c:/program files (x86)/atollic/truestudio for stm32 9.3.0/armtools/bin/../lib/gcc/arm-atollic-eabi/6.3.1/../../../../arm-atollic-eabi/lib/armv7-m\libc_nano.a(lib_a-stdio.o)
                0x08006936                __swrite
 .text.__sseek  0x0800696e       0x24 c:/program files (x86)/atollic/truestudio for stm32 9.3.0/armtools/bin/../lib/gcc/arm-atollic-eabi/6.3.1/../../../../arm-atollic-eabi/lib/armv7-m\libc_nano.a(lib_a-stdio.o)
                0x0800696e                __sseek
 .text.__sclose
                0x08006992        0x8 c:/program files (x86)/atollic/truestudio for stm32 9.3.0/armtools/bin/../lib/gcc/arm-atollic-eabi/6.3.1/../../../../arm-atollic-eabi/lib/armv7-m\libc_nano.a(lib_a-stdio.o)
                0x08006992                __sclose
 *fill*         0x0800699a        0x2 
 .text._write_r
                0x0800699c       0x24 c:/program files (x86)/atollic/truestudio for stm32 9.3.0/armtools/bin/../lib/gcc/arm-atollic-eabi/6.3.1/../../../../arm-atollic-eabi/lib/armv7-m\libc_nano.a(lib_a-writer.o)
                0x0800699c                _write_r
 .text._close_r
                0x080069c0       0x20 c:/program files (x86)/atollic/truestudio for stm32 9.3.0/armtools/bin/../lib/gcc/arm-atollic-eabi/6.3.1/../../../../arm-atollic-eabi/lib/armv7-m\libc_nano.a(lib_a-closer.o)
                0x080069c0                _close_r
 .text._fstat_r
                0x080069e0       0x24 c:/program files (x86)/atollic/truestudio for stm32 9.3.0/armtools/bin/../lib/gcc/arm-atollic-eabi/6.3.1/../../../../arm-atollic-eabi/lib/armv7-m\libc_nano.a(lib_a-fstatr.o)
                0x080069e0                _fstat_r
 .text._isatty_r
                0x08006a04       0x20 c:/program files (x86)/atollic/truestudio for stm32 9.3.0/armtools/bin/../lib/gcc/arm-atollic-eabi/6.3.1/../../../../arm-atollic-eabi/lib/armv7-m\libc_nano.a(lib_a-isattyr.o)
                0x08006a04                _isatty_r
 .text._lseek_r
                0x08006a24       0x24 c:/program files (x86)/atollic/truestudio for stm32 9.3.0/armtools/bin/../lib/gcc/arm-atollic-eabi/6.3.1/../../../../arm-atollic-eabi/lib/armv7-m\libc_nano.a(lib_a-lseekr.o)
                0x08006a24                _lseek_r
 .text.memchr   0x08006a48       0x1c c:/program files (x86)/atollic/truestudio for stm32 9.3.0/armtools/bin/../lib/gcc/arm-atollic-eabi/6.3.1/../../../../arm-atollic-eabi/lib/armv7-m\libc_nano.a(lib_a-memchr-stub.o)
                0x08006a48                memchr
 .text.memmove  0x08006a64       0x34 c:/program files (x86)/atollic/truestudio for stm32 9.3.0/armtools/bin/../lib/gcc/arm-atollic-eabi/6.3.1/../../../../arm-atollic-eabi/lib/armv7-m\libc_nano.a(lib_a-memmove.o)
                0x08006a64                memmove
 .text.__malloc_lock
                0x08006a98        0x2 c:/program files (x86)/atollic/truestudio for stm32 9.3.0/armtools/bin/../lib/gcc/arm-atollic-eabi/6.3.1/../../../../arm-atollic-eabi/lib/armv7-m\libc_nano.a(lib_a-mlock.o)
                0x08006a98                __malloc_lock
 .text.__malloc_unlock
                0x08006a9a        0x2 c:/program files (x86)/atollic/truestudio for stm32 9.3.0/armtools/bin/../lib/gcc/arm-atollic-eabi/6.3.1/../../../../arm-atollic-eabi/lib/armv7-m\libc_nano.a(lib_a-mlock.o)
                0x08006a9a                __malloc_unlock
 .text._realloc_r
                0x08006a9c       0x4c c:/program files (x86)/atollic/truestudio for stm32 9.3.0/armtools/bin/../lib/gcc/arm-atollic-eabi/6.3.1/../../../../arm-atollic-eabi/lib/armv7-m\libc_nano.a(lib_a-nano-reallocr.o)
                0x08006a9c                _realloc_r
 .text._read_r  0x08006ae8       0x24 c:/program files (x86)/atollic/truestudio for stm32 9.3.0/armtools/bin/../lib/gcc/arm-atollic-eabi/6.3.1/../../../../arm-atollic-eabi/lib/armv7-m\libc_nano.a(lib_a-readr.o)
                0x08006ae8                _read_r
 .text._malloc_usable_size_r
                0x08006b0c       0x12 c:/program files (x86)/atollic/truestudio for stm32 9.3.0/armtools/bin/../lib/gcc/arm-atollic-eabi/6.3.1/../../../../arm-atollic-eabi/lib/armv7-m\libc_nano.a(lib_a-nano-msizer.o)
                0x08006b0c                _malloc_usable_size_r
 *(.glue_7)
 .glue_7        0x08006b1e        0x0 linker stubs
 *(.glue_7t)
 .glue_7t       0x08006b1e        0x0 linker stubs
 *(.eh_frame)
 *fill*         0x08006b1e        0x2 
 .eh_frame      0x08006b20        0x0 c:/program files (x86)/atollic/truestudio for stm32 9.3.0/armtools/bin/../lib/gcc/arm-atollic-eabi/6.3.1/armv7-m/crtbegin.o
 *(.init)
 .init          0x08006b20        0x4 c:/program files (x86)/atollic/truestudio for stm32 9.3.0/armtools/bin/../lib/gcc/arm-atollic-eabi/6.3.1/armv7-m/crti.o
                0x08006b20                _init
 .init          0x08006b24        0x8 c:/program files (x86)/atollic/truestudio for stm32 9.3.0/armtools/bin/../lib/gcc/arm-atollic-eabi/6.3.1/armv7-m/crtn.o
 *(.fini)
 .fini          0x08006b2c        0x4 c:/program files (x86)/atollic/truestudio for stm32 9.3.0/armtools/bin/../lib/gcc/arm-atollic-eabi/6.3.1/armv7-m/crti.o
                0x08006b2c                _fini
 .fini          0x08006b30        0x8 c:/program files (x86)/atollic/truestudio for stm32 9.3.0/armtools/bin/../lib/gcc/arm-atollic-eabi/6.3.1/armv7-m/crtn.o
                0x08006b38                . = ALIGN (0x4)
                0x08006b38                _etext = .

.vfp11_veneer   0x08006b38        0x0
 .vfp11_veneer  0x08006b38        0x0 linker stubs

.v4_bx          0x08006b38        0x0
 .v4_bx         0x08006b38        0x0 linker stubs

.iplt           0x08006b38        0x0
 .iplt          0x08006b38        0x0 c:/program files (x86)/atollic/truestudio for stm32 9.3.0/armtools/bin/../lib/gcc/arm-atollic-eabi/6.3.1/armv7-m/crtbegin.o

.rodata         0x08006b38     0x11a8
                0x08006b38                . = ALIGN (0x4)
 *(.rodata)
 .rodata        0x08006b38       0x10 Drivers\STM32F1xx_HAL_Driver\Src\stm32f1xx_hal_rcc.o
 *(.rodata*)
 .rodata.Font7x10
                0x08006b48      0x76c Src\fonts.o
                0x08006b48                Font7x10
 .rodata.main.str1.1
                0x080072b4       0x45 Src\main.o
 .rodata.radioTransmit.str1.1
                0x080072f9        0x9 Src\main.o
 *fill*         0x08007302        0x2 
 .rodata.timed_task
                0x08007304       0x20 Src\main.o
 .rodata.printRadioSettings.str1.1
                0x08007324      0x41e Src\nrf.o
 .rodata.init_screen
                0x08007742      0x400 Src\oled.o
                0x08007742                init_screen
 .rodata.oledDrawValueBars.str1.1
                0x08007b42        0x6 Src\oled.o
 .rodata.oledPrintCalibScreen.str1.1
                0x08007b48       0x2b Src\oled.o
 .rodata.oledPrintEncValues.str1.1
                0x08007b73       0x1b Src\oled.o
 .rodata.oledPrintInitScreen.str1.1
                0x08007b8e       0x32 Src\oled.o
 .rodata.oledPrintMainScreen.str1.1
                0x08007bc0       0x39 Src\oled.o
 .rodata.calibrate_channel.str1.1
                0x08007bf9       0x36 Src\rc_controler.o
 .rodata.AHBPrescTable
                0x08007c2f       0x10 Src\system_stm32f1xx.o
                0x08007c2f                AHBPrescTable
 .rodata.APBPrescTable
                0x08007c3f        0x8 Src\system_stm32f1xx.o
                0x08007c3f                APBPrescTable
 *fill*         0x08007c47        0x1 
 .rodata._global_impure_ptr
                0x08007c48        0x4 c:/program files (x86)/atollic/truestudio for stm32 9.3.0/armtools/bin/../lib/gcc/arm-atollic-eabi/6.3.1/../../../../arm-atollic-eabi/lib/armv7-m\libc_nano.a(lib_a-impure.o)
                0x08007c48                _global_impure_ptr
 .rodata.__sf_fake_stderr
                0x08007c4c       0x20 c:/program files (x86)/atollic/truestudio for stm32 9.3.0/armtools/bin/../lib/gcc/arm-atollic-eabi/6.3.1/../../../../arm-atollic-eabi/lib/armv7-m\libc_nano.a(lib_a-findfp.o)
                0x08007c4c                __sf_fake_stderr
 .rodata.__sf_fake_stdin
                0x08007c6c       0x20 c:/program files (x86)/atollic/truestudio for stm32 9.3.0/armtools/bin/../lib/gcc/arm-atollic-eabi/6.3.1/../../../../arm-atollic-eabi/lib/armv7-m\libc_nano.a(lib_a-findfp.o)
                0x08007c6c                __sf_fake_stdin
 .rodata.__sf_fake_stdout
                0x08007c8c       0x20 c:/program files (x86)/atollic/truestudio for stm32 9.3.0/armtools/bin/../lib/gcc/arm-atollic-eabi/6.3.1/../../../../arm-atollic-eabi/lib/armv7-m\libc_nano.a(lib_a-findfp.o)
                0x08007c8c                __sf_fake_stdout
 .rodata._svfprintf_r.str1.1
                0x08007cac       0x11 c:/program files (x86)/atollic/truestudio for stm32 9.3.0/armtools/bin/../lib/gcc/arm-atollic-eabi/6.3.1/../../../../arm-atollic-eabi/lib/armv7-m\libc_nano.a(lib_a-nano-svfprintf.o)
 .rodata._vfprintf_r.str1.1
                0x08007cbd       0x11 c:/program files (x86)/atollic/truestudio for stm32 9.3.0/armtools/bin/../lib/gcc/arm-atollic-eabi/6.3.1/../../../../arm-atollic-eabi/lib/armv7-m\libc_nano.a(lib_a-nano-vfprintf.o)
 .rodata._printf_i.str1.1
                0x08007cbd       0x22 c:/program files (x86)/atollic/truestudio for stm32 9.3.0/armtools/bin/../lib/gcc/arm-atollic-eabi/6.3.1/../../../../arm-atollic-eabi/lib/armv7-m\libc_nano.a(lib_a-nano-vfprintf_i.o)
                0x08007ce0                . = ALIGN (0x4)
 *fill*         0x08007cdf        0x1 

.rel.dyn        0x08007ce0        0x0
 .rel.iplt      0x08007ce0        0x0 c:/program files (x86)/atollic/truestudio for stm32 9.3.0/armtools/bin/../lib/gcc/arm-atollic-eabi/6.3.1/armv7-m/crtbegin.o

.ARM.extab
 *(.ARM.extab* .gnu.linkonce.armextab.*)

.ARM            0x08007ce0        0x0
                0x08007ce0                __exidx_start = .
 *(.ARM.exidx*)
                0x08007ce0                __exidx_end = .

.preinit_array  0x08007ce0        0x0
                0x08007ce0                PROVIDE (__preinit_array_start, .)
 *(.preinit_array*)
                0x08007ce0                PROVIDE (__preinit_array_end, .)

.init_array     0x08007ce0        0x4
                0x08007ce0                PROVIDE (__init_array_start, .)
 *(SORT(.init_array.*))
 *(.init_array*)
 .init_array    0x08007ce0        0x4 c:/program files (x86)/atollic/truestudio for stm32 9.3.0/armtools/bin/../lib/gcc/arm-atollic-eabi/6.3.1/armv7-m/crtbegin.o
                0x08007ce4                PROVIDE (__init_array_end, .)

.fini_array     0x08007ce4        0x4
                [!provide]                PROVIDE (__fini_array_start, .)
 *(SORT(.fini_array.*))
 *(.fini_array*)
 .fini_array    0x08007ce4        0x4 c:/program files (x86)/atollic/truestudio for stm32 9.3.0/armtools/bin/../lib/gcc/arm-atollic-eabi/6.3.1/armv7-m/crtbegin.o
                [!provide]                PROVIDE (__fini_array_end, .)
                0x08007ce8                _sidata = LOADADDR (.data)

.data           0x20000000       0x88 load address 0x08007ce8
                0x20000000                . = ALIGN (0x4)
                0x20000000                _sdata = .
 *(.data)
 *(.data*)
 .data.uwTickFreq
                0x20000000        0x1 Drivers\STM32F1xx_HAL_Driver\Src\stm32f1xx_hal.o
                0x20000000                uwTickFreq
 *fill*         0x20000001        0x3 
 .data.uwTickPrio
                0x20000004        0x4 Drivers\STM32F1xx_HAL_Driver\Src\stm32f1xx_hal.o
                0x20000004                uwTickPrio
 .data.Font_7x10
                0x20000008        0x8 Src\fonts.o
                0x20000008                Font_7x10
 .data.chan_calib
                0x20000010        0x1 Src\main.o
                0x20000010                chan_calib
 .data.mig.9300
                0x20000011        0x1 Src\main.o
 *fill*         0x20000012        0x6 
 .data.txPipeAdress
                0x20000018        0x8 Src\nrf.o
                0x20000018                txPipeAdress
 .data.SystemCoreClock
                0x20000020        0x4 Src\system_stm32f1xx.o
                0x20000020                SystemCoreClock
 .data._impure_ptr
                0x20000024        0x4 c:/program files (x86)/atollic/truestudio for stm32 9.3.0/armtools/bin/../lib/gcc/arm-atollic-eabi/6.3.1/../../../../arm-atollic-eabi/lib/armv7-m\libc_nano.a(lib_a-impure.o)
                0x20000024                _impure_ptr
 .data.impure_data
                0x20000028       0x60 c:/program files (x86)/atollic/truestudio for stm32 9.3.0/armtools/bin/../lib/gcc/arm-atollic-eabi/6.3.1/../../../../arm-atollic-eabi/lib/armv7-m\libc_nano.a(lib_a-impure.o)
                0x20000088                . = ALIGN (0x4)
                0x20000088                _edata = .

.igot.plt       0x20000088        0x0 load address 0x08007d70
 .igot.plt      0x20000088        0x0 c:/program files (x86)/atollic/truestudio for stm32 9.3.0/armtools/bin/../lib/gcc/arm-atollic-eabi/6.3.1/armv7-m/crtbegin.o
                0x20000088                . = ALIGN (0x4)

.bss            0x20000088      0x84c load address 0x08007d70
                0x20000088                _sbss = .
                0x20000088                __bss_start__ = _sbss
 *(.bss)
 .bss           0x20000088       0x1c c:/program files (x86)/atollic/truestudio for stm32 9.3.0/armtools/bin/../lib/gcc/arm-atollic-eabi/6.3.1/armv7-m/crtbegin.o
 *(.bss*)
 .bss.enc_clicks
                0x200000a4        0x1 Src\main.o
                0x200000a4                enc_clicks
 .bss.enc_rotation
                0x200000a5        0x1 Src\main.o
                0x200000a5                enc_rotation
 *fill*         0x200000a6        0x2 
 .bss.tick      0x200000a8        0x4 Src\main.o
                0x200000a8                tick
 .bss.ack_payload_available
                0x200000ac        0x1 Src\nrf.o
 .bss.ack_payload_length
                0x200000ad        0x1 Src\nrf.o
 .bss.nrf24_CE_PIN
                0x200000ae        0x2 Src\nrf.o
 .bss.nrf24_CSN_PIN
                0x200000b0        0x2 Src\nrf.o
 *fill*         0x200000b2        0x2 
 .bss.nrf24_PORT
                0x200000b4        0x4 Src\nrf.o
 .bss.nrf24_hspi
                0x200000b8       0x58 Src\nrf.o
 .bss.nrf24_huart
                0x20000110       0x40 Src\nrf.o
 .bss.payload_size
                0x20000150        0x1 Src\nrf.o
 *fill*         0x20000151        0x1 
 .bss.SSD1306   0x20000152        0x6 Src\ssd1306.o
 .bss.SSD1306_Buffer
                0x20000158      0x400 Src\ssd1306.o
 .bss.heap_end.5887
                0x20000558        0x4 Src\syscalls.o
 .bss.__malloc_free_list
                0x2000055c        0x4 c:/program files (x86)/atollic/truestudio for stm32 9.3.0/armtools/bin/../lib/gcc/arm-atollic-eabi/6.3.1/../../../../arm-atollic-eabi/lib/armv7-m\libc_nano.a(lib_a-nano-mallocr.o)
                0x2000055c                __malloc_free_list
 .bss.__malloc_sbrk_start
                0x20000560        0x4 c:/program files (x86)/atollic/truestudio for stm32 9.3.0/armtools/bin/../lib/gcc/arm-atollic-eabi/6.3.1/../../../../arm-atollic-eabi/lib/armv7-m\libc_nano.a(lib_a-nano-mallocr.o)
                0x20000560                __malloc_sbrk_start
 *(COMMON)
 COMMON         0x20000564        0x4 Drivers\STM32F1xx_HAL_Driver\Src\stm32f1xx_hal.o
                0x20000564                uwTick
 COMMON         0x20000568      0x2fa Src\main.o
                0x20000568                AckPayload
                0x20000588                imu
                0x200005a4                huart3
                0x200005e4                hi2c1
                0x20000638                hi2c2
                0x2000068c                data_to_read
                0x2000069c                hadc1
                0x200006cc                txValues
                0x200006ec                hdma_adc1
                0x20000730                htim6
                0x20000770                htim1
                0x200007b0                hspi1
                0x20000808                mpu_result
                0x2000080c                huart2
                0x2000084c                adc_values
 *fill*         0x20000862        0x2 
 COMMON         0x20000864       0x6c Src\rc_controler.o
                0x20000864                rc_channels
                0x200008c0                rc_status
 COMMON         0x200008d0        0x4 c:/program files (x86)/atollic/truestudio for stm32 9.3.0/armtools/bin/../lib/gcc/arm-atollic-eabi/6.3.1/../../../../arm-atollic-eabi/lib/armv7-m\libc_nano.a(lib_a-reent.o)
                0x200008d0                errno
                0x200008d4                . = ALIGN (0x4)
                0x200008d4                _ebss = .
                0x200008d4                __bss_end__ = _ebss

._user_heap_stack
                0x200008d4      0x600 load address 0x08007d70
                0x200008d4                . = ALIGN (0x4)
                0x200008d4                PROVIDE (end, .)
                [!provide]                PROVIDE (_end, .)
                0x20000ad4                . = (. + _Min_Heap_Size)
 *fill*         0x200008d4      0x200 
                0x20000ed4                . = (. + _Min_Stack_Size)
 *fill*         0x20000ad4      0x400 
                0x20000ed4                . = ALIGN (0x4)

/DISCARD/
 libc.a(*)
 libm.a(*)
 libgcc.a(*)

.ARM.attributes
                0x00000000       0x29
 *(.ARM.attributes)
 .ARM.attributes
                0x00000000       0x1d c:/program files (x86)/atollic/truestudio for stm32 9.3.0/armtools/bin/../lib/gcc/arm-atollic-eabi/6.3.1/armv7-m/crti.o
 .ARM.attributes
                0x0000001d       0x2d c:/program files (x86)/atollic/truestudio for stm32 9.3.0/armtools/bin/../lib/gcc/arm-atollic-eabi/6.3.1/armv7-m/crtbegin.o
 .ARM.attributes
                0x0000004a       0x33 Drivers\STM32F1xx_HAL_Driver\Src\stm32f1xx_hal.o
 .ARM.attributes
                0x0000007d       0x33 Drivers\STM32F1xx_HAL_Driver\Src\stm32f1xx_hal_adc.o
 .ARM.attributes
                0x000000b0       0x33 Drivers\STM32F1xx_HAL_Driver\Src\stm32f1xx_hal_cortex.o
 .ARM.attributes
                0x000000e3       0x33 Drivers\STM32F1xx_HAL_Driver\Src\stm32f1xx_hal_dma.o
 .ARM.attributes
                0x00000116       0x33 Drivers\STM32F1xx_HAL_Driver\Src\stm32f1xx_hal_gpio.o
 .ARM.attributes
                0x00000149       0x33 Drivers\STM32F1xx_HAL_Driver\Src\stm32f1xx_hal_i2c.o
 .ARM.attributes
                0x0000017c       0x33 Drivers\STM32F1xx_HAL_Driver\Src\stm32f1xx_hal_rcc.o
 .ARM.attributes
                0x000001af       0x33 Drivers\STM32F1xx_HAL_Driver\Src\stm32f1xx_hal_rcc_ex.o
 .ARM.attributes
                0x000001e2       0x33 Drivers\STM32F1xx_HAL_Driver\Src\stm32f1xx_hal_spi.o
 .ARM.attributes
                0x00000215       0x33 Drivers\STM32F1xx_HAL_Driver\Src\stm32f1xx_hal_tim.o
 .ARM.attributes
                0x00000248       0x33 Drivers\STM32F1xx_HAL_Driver\Src\stm32f1xx_hal_tim_ex.o
 .ARM.attributes
                0x0000027b       0x33 Drivers\STM32F1xx_HAL_Driver\Src\stm32f1xx_hal_uart.o
 .ARM.attributes
                0x000002ae       0x33 Src\fonts.o
 .ARM.attributes
                0x000002e1       0x33 Src\hal_mpu6050.o
 .ARM.attributes
                0x00000314       0x33 Src\main.o
 .ARM.attributes
                0x00000347       0x33 Src\nrf.o
 .ARM.attributes
                0x0000037a       0x33 Src\oled.o
 .ARM.attributes
                0x000003ad       0x33 Src\rc_controler.o
 .ARM.attributes
                0x000003e0       0x33 Src\ssd1306.o
 .ARM.attributes
                0x00000413       0x33 Src\stm32f1xx_hal_msp.o
 .ARM.attributes
                0x00000446       0x33 Src\stm32f1xx_it.o
 .ARM.attributes
                0x00000479       0x33 Src\syscalls.o
 .ARM.attributes
                0x000004ac       0x33 Src\system_stm32f1xx.o
 .ARM.attributes
                0x000004df       0x21 startup\startup_stm32f103xe.o
 .ARM.attributes
                0x00000500       0x2d c:/program files (x86)/atollic/truestudio for stm32 9.3.0/armtools/bin/../lib/gcc/arm-atollic-eabi/6.3.1/../../../../arm-atollic-eabi/lib/armv7-m\libc_nano.a(lib_a-errno.o)
 .ARM.attributes
                0x0000052d       0x2d c:/program files (x86)/atollic/truestudio for stm32 9.3.0/armtools/bin/../lib/gcc/arm-atollic-eabi/6.3.1/../../../../arm-atollic-eabi/lib/armv7-m\libc_nano.a(lib_a-impure.o)
 .ARM.attributes
                0x0000055a       0x2d c:/program files (x86)/atollic/truestudio for stm32 9.3.0/armtools/bin/../lib/gcc/arm-atollic-eabi/6.3.1/../../../../arm-atollic-eabi/lib/armv7-m\libc_nano.a(lib_a-init.o)
 .ARM.attributes
                0x00000587       0x2d c:/program files (x86)/atollic/truestudio for stm32 9.3.0/armtools/bin/../lib/gcc/arm-atollic-eabi/6.3.1/../../../../arm-atollic-eabi/lib/armv7-m\libc_nano.a(lib_a-memcpy-stub.o)
 .ARM.attributes
                0x000005b4       0x2d c:/program files (x86)/atollic/truestudio for stm32 9.3.0/armtools/bin/../lib/gcc/arm-atollic-eabi/6.3.1/../../../../arm-atollic-eabi/lib/armv7-m\libc_nano.a(lib_a-memset.o)
 .ARM.attributes
                0x000005e1       0x2d c:/program files (x86)/atollic/truestudio for stm32 9.3.0/armtools/bin/../lib/gcc/arm-atollic-eabi/6.3.1/../../../../arm-atollic-eabi/lib/armv7-m\libc_nano.a(lib_a-printf.o)
 .ARM.attributes
                0x0000060e       0x2d c:/program files (x86)/atollic/truestudio for stm32 9.3.0/armtools/bin/../lib/gcc/arm-atollic-eabi/6.3.1/../../../../arm-atollic-eabi/lib/armv7-m\libc_nano.a(lib_a-puts.o)
 .ARM.attributes
                0x0000063b       0x2d c:/program files (x86)/atollic/truestudio for stm32 9.3.0/armtools/bin/../lib/gcc/arm-atollic-eabi/6.3.1/../../../../arm-atollic-eabi/lib/armv7-m\libc_nano.a(lib_a-sprintf.o)
 .ARM.attributes
                0x00000668       0x2d c:/program files (x86)/atollic/truestudio for stm32 9.3.0/armtools/bin/../lib/gcc/arm-atollic-eabi/6.3.1/../../../../arm-atollic-eabi/lib/armv7-m\libc_nano.a(lib_a-strcpy.o)
 .ARM.attributes
                0x00000695       0x17 c:/program files (x86)/atollic/truestudio for stm32 9.3.0/armtools/bin/../lib/gcc/arm-atollic-eabi/6.3.1/../../../../arm-atollic-eabi/lib/armv7-m\libc_nano.a(lib_a-strlen.o)
 .ARM.attributes
                0x000006ac       0x2d c:/program files (x86)/atollic/truestudio for stm32 9.3.0/armtools/bin/../lib/gcc/arm-atollic-eabi/6.3.1/../../../../arm-atollic-eabi/lib/armv7-m\libc_nano.a(lib_a-wbuf.o)
 .ARM.attributes
                0x000006d9       0x2d c:/program files (x86)/atollic/truestudio for stm32 9.3.0/armtools/bin/../lib/gcc/arm-atollic-eabi/6.3.1/../../../../arm-atollic-eabi/lib/armv7-m\libc_nano.a(lib_a-wsetup.o)
 .ARM.attributes
                0x00000706       0x2d c:/program files (x86)/atollic/truestudio for stm32 9.3.0/armtools/bin/../lib/gcc/arm-atollic-eabi/6.3.1/../../../../arm-atollic-eabi/lib/armv7-m\libc_nano.a(lib_a-fflush.o)
 .ARM.attributes
                0x00000733       0x2d c:/program files (x86)/atollic/truestudio for stm32 9.3.0/armtools/bin/../lib/gcc/arm-atollic-eabi/6.3.1/../../../../arm-atollic-eabi/lib/armv7-m\libc_nano.a(lib_a-findfp.o)
 .ARM.attributes
                0x00000760       0x2d c:/program files (x86)/atollic/truestudio for stm32 9.3.0/armtools/bin/../lib/gcc/arm-atollic-eabi/6.3.1/../../../../arm-atollic-eabi/lib/armv7-m\libc_nano.a(lib_a-fwalk.o)
 .ARM.attributes
                0x0000078d       0x2d c:/program files (x86)/atollic/truestudio for stm32 9.3.0/armtools/bin/../lib/gcc/arm-atollic-eabi/6.3.1/../../../../arm-atollic-eabi/lib/armv7-m\libc_nano.a(lib_a-makebuf.o)
 .ARM.attributes
                0x000007ba       0x2d c:/program files (x86)/atollic/truestudio for stm32 9.3.0/armtools/bin/../lib/gcc/arm-atollic-eabi/6.3.1/../../../../arm-atollic-eabi/lib/armv7-m\libc_nano.a(lib_a-nano-freer.o)
 .ARM.attributes
                0x000007e7       0x2d c:/program files (x86)/atollic/truestudio for stm32 9.3.0/armtools/bin/../lib/gcc/arm-atollic-eabi/6.3.1/../../../../arm-atollic-eabi/lib/armv7-m\libc_nano.a(lib_a-nano-mallocr.o)
 .ARM.attributes
                0x00000814       0x2d c:/program files (x86)/atollic/truestudio for stm32 9.3.0/armtools/bin/../lib/gcc/arm-atollic-eabi/6.3.1/../../../../arm-atollic-eabi/lib/armv7-m\libc_nano.a(lib_a-nano-svfprintf.o)
 .ARM.attributes
                0x00000841       0x2d c:/program files (x86)/atollic/truestudio for stm32 9.3.0/armtools/bin/../lib/gcc/arm-atollic-eabi/6.3.1/../../../../arm-atollic-eabi/lib/armv7-m\libc_nano.a(lib_a-nano-vfprintf.o)
 .ARM.attributes
                0x0000086e       0x2d c:/program files (x86)/atollic/truestudio for stm32 9.3.0/armtools/bin/../lib/gcc/arm-atollic-eabi/6.3.1/../../../../arm-atollic-eabi/lib/armv7-m\libc_nano.a(lib_a-nano-vfprintf_i.o)
 .ARM.attributes
                0x0000089b       0x2d c:/program files (x86)/atollic/truestudio for stm32 9.3.0/armtools/bin/../lib/gcc/arm-atollic-eabi/6.3.1/../../../../arm-atollic-eabi/lib/armv7-m\libc_nano.a(lib_a-sbrkr.o)
 .ARM.attributes
                0x000008c8       0x2d c:/program files (x86)/atollic/truestudio for stm32 9.3.0/armtools/bin/../lib/gcc/arm-atollic-eabi/6.3.1/../../../../arm-atollic-eabi/lib/armv7-m\libc_nano.a(lib_a-stdio.o)
 .ARM.attributes
                0x000008f5       0x2d c:/program files (x86)/atollic/truestudio for stm32 9.3.0/armtools/bin/../lib/gcc/arm-atollic-eabi/6.3.1/../../../../arm-atollic-eabi/lib/armv7-m\libc_nano.a(lib_a-writer.o)
 .ARM.attributes
                0x00000922       0x2d c:/program files (x86)/atollic/truestudio for stm32 9.3.0/armtools/bin/../lib/gcc/arm-atollic-eabi/6.3.1/../../../../arm-atollic-eabi/lib/armv7-m\libc_nano.a(lib_a-closer.o)
 .ARM.attributes
                0x0000094f       0x2d c:/program files (x86)/atollic/truestudio for stm32 9.3.0/armtools/bin/../lib/gcc/arm-atollic-eabi/6.3.1/../../../../arm-atollic-eabi/lib/armv7-m\libc_nano.a(lib_a-fstatr.o)
 .ARM.attributes
                0x0000097c       0x2d c:/program files (x86)/atollic/truestudio for stm32 9.3.0/armtools/bin/../lib/gcc/arm-atollic-eabi/6.3.1/../../../../arm-atollic-eabi/lib/armv7-m\libc_nano.a(lib_a-isattyr.o)
 .ARM.attributes
                0x000009a9       0x2d c:/program files (x86)/atollic/truestudio for stm32 9.3.0/armtools/bin/../lib/gcc/arm-atollic-eabi/6.3.1/../../../../arm-atollic-eabi/lib/armv7-m\libc_nano.a(lib_a-lseekr.o)
 .ARM.attributes
                0x000009d6       0x2d c:/program files (x86)/atollic/truestudio for stm32 9.3.0/armtools/bin/../lib/gcc/arm-atollic-eabi/6.3.1/../../../../arm-atollic-eabi/lib/armv7-m\libc_nano.a(lib_a-memchr-stub.o)
 .ARM.attributes
                0x00000a03       0x2d c:/program files (x86)/atollic/truestudio for stm32 9.3.0/armtools/bin/../lib/gcc/arm-atollic-eabi/6.3.1/../../../../arm-atollic-eabi/lib/armv7-m\libc_nano.a(lib_a-memmove.o)
 .ARM.attributes
                0x00000a30       0x2d c:/program files (x86)/atollic/truestudio for stm32 9.3.0/armtools/bin/../lib/gcc/arm-atollic-eabi/6.3.1/../../../../arm-atollic-eabi/lib/armv7-m\libc_nano.a(lib_a-mlock.o)
 .ARM.attributes
                0x00000a5d       0x2d c:/program files (x86)/atollic/truestudio for stm32 9.3.0/armtools/bin/../lib/gcc/arm-atollic-eabi/6.3.1/../../../../arm-atollic-eabi/lib/armv7-m\libc_nano.a(lib_a-nano-reallocr.o)
 .ARM.attributes
                0x00000a8a       0x2d c:/program files (x86)/atollic/truestudio for stm32 9.3.0/armtools/bin/../lib/gcc/arm-atollic-eabi/6.3.1/../../../../arm-atollic-eabi/lib/armv7-m\libc_nano.a(lib_a-readr.o)
 .ARM.attributes
                0x00000ab7       0x2d c:/program files (x86)/atollic/truestudio for stm32 9.3.0/armtools/bin/../lib/gcc/arm-atollic-eabi/6.3.1/../../../../arm-atollic-eabi/lib/armv7-m\libc_nano.a(lib_a-reent.o)
 .ARM.attributes
                0x00000ae4       0x2d c:/program files (x86)/atollic/truestudio for stm32 9.3.0/armtools/bin/../lib/gcc/arm-atollic-eabi/6.3.1/../../../../arm-atollic-eabi/lib/armv7-m\libc_nano.a(lib_a-nano-msizer.o)
 .ARM.attributes
                0x00000b11       0x1d c:/program files (x86)/atollic/truestudio for stm32 9.3.0/armtools/bin/../lib/gcc/arm-atollic-eabi/6.3.1/armv7-m\libgcc.a(_arm_addsubdf3.o)
 .ARM.attributes
                0x00000b2e       0x1d c:/program files (x86)/atollic/truestudio for stm32 9.3.0/armtools/bin/../lib/gcc/arm-atollic-eabi/6.3.1/armv7-m\libgcc.a(_arm_muldivdf3.o)
 .ARM.attributes
                0x00000b4b       0x1d c:/program files (x86)/atollic/truestudio for stm32 9.3.0/armtools/bin/../lib/gcc/arm-atollic-eabi/6.3.1/armv7-m\libgcc.a(_arm_fixunsdfsi.o)
 .ARM.attributes
                0x00000b68       0x1d c:/program files (x86)/atollic/truestudio for stm32 9.3.0/armtools/bin/../lib/gcc/arm-atollic-eabi/6.3.1/armv7-m/crtn.o
OUTPUT(RC_CONTORLER_V1.elf elf32-littlearm)

.debug_info     0x00000000    0x20cad
 .debug_info    0x00000000      0x833 Drivers\STM32F1xx_HAL_Driver\Src\stm32f1xx_hal.o
 .debug_info    0x00000833      0xea0 Drivers\STM32F1xx_HAL_Driver\Src\stm32f1xx_hal_adc.o
 .debug_info    0x000016d3      0xd0d Drivers\STM32F1xx_HAL_Driver\Src\stm32f1xx_hal_cortex.o
 .debug_info    0x000023e0      0x837 Drivers\STM32F1xx_HAL_Driver\Src\stm32f1xx_hal_dma.o
 .debug_info    0x00002c17      0x68d Drivers\STM32F1xx_HAL_Driver\Src\stm32f1xx_hal_gpio.o
 .debug_info    0x000032a4     0x3496 Drivers\STM32F1xx_HAL_Driver\Src\stm32f1xx_hal_i2c.o
 .debug_info    0x0000673a      0xa01 Drivers\STM32F1xx_HAL_Driver\Src\stm32f1xx_hal_rcc.o
 .debug_info    0x0000713b      0x4ba Drivers\STM32F1xx_HAL_Driver\Src\stm32f1xx_hal_rcc_ex.o
 .debug_info    0x000075f5     0x1cc9 Drivers\STM32F1xx_HAL_Driver\Src\stm32f1xx_hal_spi.o
 .debug_info    0x000092be     0x34cc Drivers\STM32F1xx_HAL_Driver\Src\stm32f1xx_hal_tim.o
 .debug_info    0x0000c78a     0x12fc Drivers\STM32F1xx_HAL_Driver\Src\stm32f1xx_hal_tim_ex.o
 .debug_info    0x0000da86     0x1632 Drivers\STM32F1xx_HAL_Driver\Src\stm32f1xx_hal_uart.o
 .debug_info    0x0000f0b8      0xb2c Src\fonts.o
 .debug_info    0x0000fbe4     0x1b06 Src\hal_mpu6050.o
 .debug_info    0x000116ea     0x3054 Src\main.o
 .debug_info    0x0001473e     0x3bbe Src\nrf.o
 .debug_info    0x000182fc     0x162e Src\oled.o
 .debug_info    0x0001992a     0x1425 Src\rc_controler.o
 .debug_info    0x0001ad4f     0x2953 Src\ssd1306.o
 .debug_info    0x0001d6a2     0x1a3b Src\stm32f1xx_hal_msp.o
 .debug_info    0x0001f0dd      0x730 Src\stm32f1xx_it.o
 .debug_info    0x0001f80d      0xfe1 Src\syscalls.o
 .debug_info    0x000207ee      0x437 Src\system_stm32f1xx.o
 .debug_info    0x00020c25       0x88 startup\startup_stm32f103xe.o

.debug_abbrev   0x00000000     0x3f9c
 .debug_abbrev  0x00000000      0x24a Drivers\STM32F1xx_HAL_Driver\Src\stm32f1xx_hal.o
 .debug_abbrev  0x0000024a      0x299 Drivers\STM32F1xx_HAL_Driver\Src\stm32f1xx_hal_adc.o
 .debug_abbrev  0x000004e3      0x2f8 Drivers\STM32F1xx_HAL_Driver\Src\stm32f1xx_hal_cortex.o
 .debug_abbrev  0x000007db      0x22d Drivers\STM32F1xx_HAL_Driver\Src\stm32f1xx_hal_dma.o
 .debug_abbrev  0x00000a08      0x1f1 Drivers\STM32F1xx_HAL_Driver\Src\stm32f1xx_hal_gpio.o
 .debug_abbrev  0x00000bf9      0x397 Drivers\STM32F1xx_HAL_Driver\Src\stm32f1xx_hal_i2c.o
 .debug_abbrev  0x00000f90      0x2c1 Drivers\STM32F1xx_HAL_Driver\Src\stm32f1xx_hal_rcc.o
 .debug_abbrev  0x00001251      0x1d2 Drivers\STM32F1xx_HAL_Driver\Src\stm32f1xx_hal_rcc_ex.o
 .debug_abbrev  0x00001423      0x33e Drivers\STM32F1xx_HAL_Driver\Src\stm32f1xx_hal_spi.o
 .debug_abbrev  0x00001761      0x335 Drivers\STM32F1xx_HAL_Driver\Src\stm32f1xx_hal_tim.o
 .debug_abbrev  0x00001a96      0x29c Drivers\STM32F1xx_HAL_Driver\Src\stm32f1xx_hal_tim_ex.o
 .debug_abbrev  0x00001d32      0x2f3 Drivers\STM32F1xx_HAL_Driver\Src\stm32f1xx_hal_uart.o
 .debug_abbrev  0x00002025      0x201 Src\fonts.o
 .debug_abbrev  0x00002226      0x2eb Src\hal_mpu6050.o
 .debug_abbrev  0x00002511      0x43b Src\main.o
 .debug_abbrev  0x0000294c      0x4bc Src\nrf.o
 .debug_abbrev  0x00002e08      0x261 Src\oled.o
 .debug_abbrev  0x00003069      0x313 Src\rc_controler.o
 .debug_abbrev  0x0000337c      0x3e8 Src\ssd1306.o
 .debug_abbrev  0x00003764      0x24f Src\stm32f1xx_hal_msp.o
 .debug_abbrev  0x000039b3      0x1cf Src\stm32f1xx_it.o
 .debug_abbrev  0x00003b82      0x2d9 Src\syscalls.o
 .debug_abbrev  0x00003e5b      0x12f Src\system_stm32f1xx.o
 .debug_abbrev  0x00003f8a       0x12 startup\startup_stm32f103xe.o

.debug_loc      0x00000000     0xe4aa
 .debug_loc     0x00000000      0x10c Drivers\STM32F1xx_HAL_Driver\Src\stm32f1xx_hal.o
 .debug_loc     0x0000010c      0x87e Drivers\STM32F1xx_HAL_Driver\Src\stm32f1xx_hal_adc.o
 .debug_loc     0x0000098a      0x487 Drivers\STM32F1xx_HAL_Driver\Src\stm32f1xx_hal_cortex.o
 .debug_loc     0x00000e11      0x60e Drivers\STM32F1xx_HAL_Driver\Src\stm32f1xx_hal_dma.o
 .debug_loc     0x0000141f      0x2e2 Drivers\STM32F1xx_HAL_Driver\Src\stm32f1xx_hal_gpio.o
 .debug_loc     0x00001701     0x2fbc Drivers\STM32F1xx_HAL_Driver\Src\stm32f1xx_hal_i2c.o
 .debug_loc     0x000046bd      0x478 Drivers\STM32F1xx_HAL_Driver\Src\stm32f1xx_hal_rcc.o
 .debug_loc     0x00004b35      0x303 Drivers\STM32F1xx_HAL_Driver\Src\stm32f1xx_hal_rcc_ex.o
 .debug_loc     0x00004e38     0x1703 Drivers\STM32F1xx_HAL_Driver\Src\stm32f1xx_hal_spi.o
 .debug_loc     0x0000653b     0x300c Drivers\STM32F1xx_HAL_Driver\Src\stm32f1xx_hal_tim.o
 .debug_loc     0x00009547      0xa7c Drivers\STM32F1xx_HAL_Driver\Src\stm32f1xx_hal_tim_ex.o
 .debug_loc     0x00009fc3     0x1362 Drivers\STM32F1xx_HAL_Driver\Src\stm32f1xx_hal_uart.o
 .debug_loc     0x0000b325       0x5a Src\fonts.o
 .debug_loc     0x0000b37f      0x55e Src\hal_mpu6050.o
 .debug_loc     0x0000b8dd      0x10d Src\main.o
 .debug_loc     0x0000b9ea      0xb61 Src\nrf.o
 .debug_loc     0x0000c54b      0x26b Src\oled.o
 .debug_loc     0x0000c7b6      0x2fd Src\rc_controler.o
 .debug_loc     0x0000cab3     0x12b4 Src\ssd1306.o
 .debug_loc     0x0000dd67      0x287 Src\stm32f1xx_hal_msp.o
 .debug_loc     0x0000dfee      0x3ef Src\syscalls.o
 .debug_loc     0x0000e3dd       0xcd Src\system_stm32f1xx.o

.debug_aranges  0x00000000     0x1220
 .debug_aranges
                0x00000000       0xd8 Drivers\STM32F1xx_HAL_Driver\Src\stm32f1xx_hal.o
 .debug_aranges
                0x000000d8       0xc8 Drivers\STM32F1xx_HAL_Driver\Src\stm32f1xx_hal_adc.o
 .debug_aranges
                0x000001a0       0x90 Drivers\STM32F1xx_HAL_Driver\Src\stm32f1xx_hal_cortex.o
 .debug_aranges
                0x00000230       0x78 Drivers\STM32F1xx_HAL_Driver\Src\stm32f1xx_hal_dma.o
 .debug_aranges
                0x000002a8       0x58 Drivers\STM32F1xx_HAL_Driver\Src\stm32f1xx_hal_gpio.o
 .debug_aranges
                0x00000300      0x1b0 Drivers\STM32F1xx_HAL_Driver\Src\stm32f1xx_hal_i2c.o
 .debug_aranges
                0x000004b0       0x88 Drivers\STM32F1xx_HAL_Driver\Src\stm32f1xx_hal_rcc.o
 .debug_aranges
                0x00000538       0x30 Drivers\STM32F1xx_HAL_Driver\Src\stm32f1xx_hal_rcc_ex.o
 .debug_aranges
                0x00000568      0x188 Drivers\STM32F1xx_HAL_Driver\Src\stm32f1xx_hal_spi.o
 .debug_aranges
                0x000006f0      0x278 Drivers\STM32F1xx_HAL_Driver\Src\stm32f1xx_hal_tim.o
 .debug_aranges
                0x00000968       0xf8 Drivers\STM32F1xx_HAL_Driver\Src\stm32f1xx_hal_tim_ex.o
 .debug_aranges
                0x00000a60      0x170 Drivers\STM32F1xx_HAL_Driver\Src\stm32f1xx_hal_uart.o
 .debug_aranges
                0x00000bd0       0x20 Src\fonts.o
 .debug_aranges
                0x00000bf0       0x70 Src\hal_mpu6050.o
 .debug_aranges
                0x00000c60       0x68 Src\main.o
 .debug_aranges
                0x00000cc8      0x1e0 Src\nrf.o
 .debug_aranges
                0x00000ea8       0x48 Src\oled.o
 .debug_aranges
                0x00000ef0       0x58 Src\rc_controler.o
 .debug_aranges
                0x00000f48       0xf8 Src\ssd1306.o
 .debug_aranges
                0x00001040       0x80 Src\stm32f1xx_hal_msp.o
 .debug_aranges
                0x000010c0       0x60 Src\stm32f1xx_it.o
 .debug_aranges
                0x00001120       0xb0 Src\syscalls.o
 .debug_aranges
                0x000011d0       0x28 Src\system_stm32f1xx.o
 .debug_aranges
                0x000011f8       0x28 startup\startup_stm32f103xe.o

.debug_ranges   0x00000000     0x19b8
 .debug_ranges  0x00000000       0xc8 Drivers\STM32F1xx_HAL_Driver\Src\stm32f1xx_hal.o
 .debug_ranges  0x000000c8       0xb8 Drivers\STM32F1xx_HAL_Driver\Src\stm32f1xx_hal_adc.o
 .debug_ranges  0x00000180      0x128 Drivers\STM32F1xx_HAL_Driver\Src\stm32f1xx_hal_cortex.o
 .debug_ranges  0x000002a8       0xa8 Drivers\STM32F1xx_HAL_Driver\Src\stm32f1xx_hal_dma.o
 .debug_ranges  0x00000350       0x68 Drivers\STM32F1xx_HAL_Driver\Src\stm32f1xx_hal_gpio.o
 .debug_ranges  0x000003b8      0x4b8 Drivers\STM32F1xx_HAL_Driver\Src\stm32f1xx_hal_i2c.o
 .debug_ranges  0x00000870       0xa0 Drivers\STM32F1xx_HAL_Driver\Src\stm32f1xx_hal_rcc.o
 .debug_ranges  0x00000910       0x40 Drivers\STM32F1xx_HAL_Driver\Src\stm32f1xx_hal_rcc_ex.o
 .debug_ranges  0x00000950      0x1a8 Drivers\STM32F1xx_HAL_Driver\Src\stm32f1xx_hal_spi.o
 .debug_ranges  0x00000af8      0x348 Drivers\STM32F1xx_HAL_Driver\Src\stm32f1xx_hal_tim.o
 .debug_ranges  0x00000e40       0xe8 Drivers\STM32F1xx_HAL_Driver\Src\stm32f1xx_hal_tim_ex.o
 .debug_ranges  0x00000f28      0x190 Drivers\STM32F1xx_HAL_Driver\Src\stm32f1xx_hal_uart.o
 .debug_ranges  0x000010b8       0x10 Src\fonts.o
 .debug_ranges  0x000010c8       0x60 Src\hal_mpu6050.o
 .debug_ranges  0x00001128      0x1a0 Src\main.o
 .debug_ranges  0x000012c8      0x1e8 Src\nrf.o
 .debug_ranges  0x000014b0       0x38 Src\oled.o
 .debug_ranges  0x000014e8       0x60 Src\rc_controler.o
 .debug_ranges  0x00001548      0x158 Src\ssd1306.o
 .debug_ranges  0x000016a0      0x1f0 Src\stm32f1xx_hal_msp.o
 .debug_ranges  0x00001890       0x50 Src\stm32f1xx_it.o
 .debug_ranges  0x000018e0       0xa0 Src\syscalls.o
 .debug_ranges  0x00001980       0x18 Src\system_stm32f1xx.o
 .debug_ranges  0x00001998       0x20 startup\startup_stm32f103xe.o

.debug_line     0x00000000     0xa82f
 .debug_line    0x00000000      0x3eb Drivers\STM32F1xx_HAL_Driver\Src\stm32f1xx_hal.o
 .debug_line    0x000003eb      0x7d2 Drivers\STM32F1xx_HAL_Driver\Src\stm32f1xx_hal_adc.o
 .debug_line    0x00000bbd      0x3e6 Drivers\STM32F1xx_HAL_Driver\Src\stm32f1xx_hal_cortex.o
 .debug_line    0x00000fa3      0x728 Drivers\STM32F1xx_HAL_Driver\Src\stm32f1xx_hal_dma.o
 .debug_line    0x000016cb      0x3c4 Drivers\STM32F1xx_HAL_Driver\Src\stm32f1xx_hal_gpio.o
 .debug_line    0x00001a8f     0x1e36 Drivers\STM32F1xx_HAL_Driver\Src\stm32f1xx_hal_i2c.o
 .debug_line    0x000038c5      0x582 Drivers\STM32F1xx_HAL_Driver\Src\stm32f1xx_hal_rcc.o
 .debug_line    0x00003e47      0x338 Drivers\STM32F1xx_HAL_Driver\Src\stm32f1xx_hal_rcc_ex.o
 .debug_line    0x0000417f      0xbb2 Drivers\STM32F1xx_HAL_Driver\Src\stm32f1xx_hal_spi.o
 .debug_line    0x00004d31     0x1223 Drivers\STM32F1xx_HAL_Driver\Src\stm32f1xx_hal_tim.o
 .debug_line    0x00005f54      0x6d5 Drivers\STM32F1xx_HAL_Driver\Src\stm32f1xx_hal_tim_ex.o
 .debug_line    0x00006629      0xbda Drivers\STM32F1xx_HAL_Driver\Src\stm32f1xx_hal_uart.o
 .debug_line    0x00007203      0x2dd Src\fonts.o
 .debug_line    0x000074e0      0x525 Src\hal_mpu6050.o
 .debug_line    0x00007a05      0x70d Src\main.o
 .debug_line    0x00008112      0x929 Src\nrf.o
 .debug_line    0x00008a3b      0x41c Src\oled.o
 .debug_line    0x00008e57      0x429 Src\rc_controler.o
 .debug_line    0x00009280      0x7a7 Src\ssd1306.o
 .debug_line    0x00009a27      0x4e5 Src\stm32f1xx_hal_msp.o
 .debug_line    0x00009f0c      0x2be Src\stm32f1xx_it.o
 .debug_line    0x0000a1ca      0x3c0 Src\syscalls.o
 .debug_line    0x0000a58a      0x228 Src\system_stm32f1xx.o
 .debug_line    0x0000a7b2       0x7d startup\startup_stm32f103xe.o

.debug_str      0x00000000     0x64f0
 .debug_str     0x00000000      0x8ef Drivers\STM32F1xx_HAL_Driver\Src\stm32f1xx_hal.o
                                0x95d (size before relaxing)
 .debug_str     0x000008ef      0x670 Drivers\STM32F1xx_HAL_Driver\Src\stm32f1xx_hal_adc.o
                                0x99d (size before relaxing)
 .debug_str     0x00000f5f      0x3c5 Drivers\STM32F1xx_HAL_Driver\Src\stm32f1xx_hal_cortex.o
                                0xa7f (size before relaxing)
 .debug_str     0x00001324      0x220 Drivers\STM32F1xx_HAL_Driver\Src\stm32f1xx_hal_dma.o
                                0x6e9 (size before relaxing)
 .debug_str     0x00001544      0x1c4 Drivers\STM32F1xx_HAL_Driver\Src\stm32f1xx_hal_gpio.o
                                0x4ec (size before relaxing)
 .debug_str     0x00001708      0xb0e Drivers\STM32F1xx_HAL_Driver\Src\stm32f1xx_hal_i2c.o
                               0x104f (size before relaxing)
 .debug_str     0x00002216      0x302 Drivers\STM32F1xx_HAL_Driver\Src\stm32f1xx_hal_rcc.o
                                0x6d5 (size before relaxing)
 .debug_str     0x00002518      0x136 Drivers\STM32F1xx_HAL_Driver\Src\stm32f1xx_hal_rcc_ex.o
                                0x4eb (size before relaxing)
 .debug_str     0x0000264e      0x6cd Drivers\STM32F1xx_HAL_Driver\Src\stm32f1xx_hal_spi.o
                                0xc16 (size before relaxing)
 .debug_str     0x00002d1b      0xfe8 Drivers\STM32F1xx_HAL_Driver\Src\stm32f1xx_hal_tim.o
                               0x151d (size before relaxing)
 .debug_str     0x00003d03      0x548 Drivers\STM32F1xx_HAL_Driver\Src\stm32f1xx_hal_tim_ex.o
                                0xd35 (size before relaxing)
 .debug_str     0x0000424b      0x676 Drivers\STM32F1xx_HAL_Driver\Src\stm32f1xx_hal_uart.o
                                0xc65 (size before relaxing)
 .debug_str     0x000048c1      0x44f Src\fonts.o
                                0x756 (size before relaxing)
 .debug_str     0x00004d10      0x449 Src\hal_mpu6050.o
                               0x1006 (size before relaxing)
 .debug_str     0x00005159      0x43e Src\main.o
                               0x2174 (size before relaxing)
 .debug_str     0x00005597      0x6ef Src\nrf.o
                               0x1405 (size before relaxing)
 .debug_str     0x00005c86      0x187 Src\oled.o
                                0x970 (size before relaxing)
 .debug_str     0x00005e0d       0xb8 Src\rc_controler.o
                                0xcd2 (size before relaxing)
 .debug_str     0x00005ec5      0x27c Src\ssd1306.o
                                0xef8 (size before relaxing)
 .debug_str     0x00006141       0x32 Src\stm32f1xx_hal_msp.o
                               0x1383 (size before relaxing)
 .debug_str     0x00006173       0xe4 Src\stm32f1xx_it.o
                                0x770 (size before relaxing)
 .debug_str     0x00006257      0x24c Src\syscalls.o
                                0x867 (size before relaxing)
 .debug_str     0x000064a3       0x4d Src\system_stm32f1xx.o
                                0x35b (size before relaxing)

.comment        0x00000000       0x7c
 .comment       0x00000000       0x7c Drivers\STM32F1xx_HAL_Driver\Src\stm32f1xx_hal.o
                                 0x7d (size before relaxing)
 .comment       0x0000007c       0x7d Drivers\STM32F1xx_HAL_Driver\Src\stm32f1xx_hal_adc.o
 .comment       0x0000007c       0x7d Drivers\STM32F1xx_HAL_Driver\Src\stm32f1xx_hal_cortex.o
 .comment       0x0000007c       0x7d Drivers\STM32F1xx_HAL_Driver\Src\stm32f1xx_hal_dma.o
 .comment       0x0000007c       0x7d Drivers\STM32F1xx_HAL_Driver\Src\stm32f1xx_hal_gpio.o
 .comment       0x0000007c       0x7d Drivers\STM32F1xx_HAL_Driver\Src\stm32f1xx_hal_i2c.o
 .comment       0x0000007c       0x7d Drivers\STM32F1xx_HAL_Driver\Src\stm32f1xx_hal_rcc.o
 .comment       0x0000007c       0x7d Drivers\STM32F1xx_HAL_Driver\Src\stm32f1xx_hal_rcc_ex.o
 .comment       0x0000007c       0x7d Drivers\STM32F1xx_HAL_Driver\Src\stm32f1xx_hal_spi.o
 .comment       0x0000007c       0x7d Drivers\STM32F1xx_HAL_Driver\Src\stm32f1xx_hal_tim.o
 .comment       0x0000007c       0x7d Drivers\STM32F1xx_HAL_Driver\Src\stm32f1xx_hal_tim_ex.o
 .comment       0x0000007c       0x7d Drivers\STM32F1xx_HAL_Driver\Src\stm32f1xx_hal_uart.o
 .comment       0x0000007c       0x7d Src\fonts.o
 .comment       0x0000007c       0x7d Src\hal_mpu6050.o
 .comment       0x0000007c       0x7d Src\main.o
 .comment       0x0000007c       0x7d Src\nrf.o
 .comment       0x0000007c       0x7d Src\oled.o
 .comment       0x0000007c       0x7d Src\rc_controler.o
 .comment       0x0000007c       0x7d Src\ssd1306.o
 .comment       0x0000007c       0x7d Src\stm32f1xx_hal_msp.o
 .comment       0x0000007c       0x7d Src\stm32f1xx_it.o
 .comment       0x0000007c       0x7d Src\syscalls.o
 .comment       0x0000007c       0x7d Src\system_stm32f1xx.o

.debug_frame    0x00000000     0x43a8
 .debug_frame   0x00000000      0x1d4 Drivers\STM32F1xx_HAL_Driver\Src\stm32f1xx_hal.o
 .debug_frame   0x000001d4      0x29c Drivers\STM32F1xx_HAL_Driver\Src\stm32f1xx_hal_adc.o
 .debug_frame   0x00000470      0x120 Drivers\STM32F1xx_HAL_Driver\Src\stm32f1xx_hal_cortex.o
 .debug_frame   0x00000590      0x144 Drivers\STM32F1xx_HAL_Driver\Src\stm32f1xx_hal_dma.o
 .debug_frame   0x000006d4       0xd4 Drivers\STM32F1xx_HAL_Driver\Src\stm32f1xx_hal_gpio.o
 .debug_frame   0x000007a8      0x700 Drivers\STM32F1xx_HAL_Driver\Src\stm32f1xx_hal_i2c.o
 .debug_frame   0x00000ea8      0x150 Drivers\STM32F1xx_HAL_Driver\Src\stm32f1xx_hal_rcc.o
 .debug_frame   0x00000ff8       0x7c Drivers\STM32F1xx_HAL_Driver\Src\stm32f1xx_hal_rcc_ex.o
 .debug_frame   0x00001074      0x568 Drivers\STM32F1xx_HAL_Driver\Src\stm32f1xx_hal_spi.o
 .debug_frame   0x000015dc      0x928 Drivers\STM32F1xx_HAL_Driver\Src\stm32f1xx_hal_tim.o
 .debug_frame   0x00001f04      0x360 Drivers\STM32F1xx_HAL_Driver\Src\stm32f1xx_hal_tim_ex.o
 .debug_frame   0x00002264      0x498 Drivers\STM32F1xx_HAL_Driver\Src\stm32f1xx_hal_uart.o
 .debug_frame   0x000026fc       0x2c Src\fonts.o
 .debug_frame   0x00002728      0x1b4 Src\hal_mpu6050.o
 .debug_frame   0x000028dc      0x128 Src\main.o
 .debug_frame   0x00002a04      0x5d8 Src\nrf.o
 .debug_frame   0x00002fdc       0xe0 Src\oled.o
 .debug_frame   0x000030bc       0xcc Src\rc_controler.o
 .debug_frame   0x00003188      0x3a4 Src\ssd1306.o
 .debug_frame   0x0000352c      0x150 Src\stm32f1xx_hal_msp.o
 .debug_frame   0x0000367c       0xd0 Src\stm32f1xx_it.o
 .debug_frame   0x0000374c      0x1a8 Src\syscalls.o
 .debug_frame   0x000038f4       0x30 Src\system_stm32f1xx.o
 .debug_frame   0x00003924       0x20 c:/program files (x86)/atollic/truestudio for stm32 9.3.0/armtools/bin/../lib/gcc/arm-atollic-eabi/6.3.1/../../../../arm-atollic-eabi/lib/armv7-m\libc_nano.a(lib_a-errno.o)
 .debug_frame   0x00003944       0x2c c:/program files (x86)/atollic/truestudio for stm32 9.3.0/armtools/bin/../lib/gcc/arm-atollic-eabi/6.3.1/../../../../arm-atollic-eabi/lib/armv7-m\libc_nano.a(lib_a-init.o)
 .debug_frame   0x00003970       0x28 c:/program files (x86)/atollic/truestudio for stm32 9.3.0/armtools/bin/../lib/gcc/arm-atollic-eabi/6.3.1/../../../../arm-atollic-eabi/lib/armv7-m\libc_nano.a(lib_a-memcpy-stub.o)
 .debug_frame   0x00003998       0x20 c:/program files (x86)/atollic/truestudio for stm32 9.3.0/armtools/bin/../lib/gcc/arm-atollic-eabi/6.3.1/../../../../arm-atollic-eabi/lib/armv7-m\libc_nano.a(lib_a-memset.o)
 .debug_frame   0x000039b8       0x74 c:/program files (x86)/atollic/truestudio for stm32 9.3.0/armtools/bin/../lib/gcc/arm-atollic-eabi/6.3.1/../../../../arm-atollic-eabi/lib/armv7-m\libc_nano.a(lib_a-printf.o)
 .debug_frame   0x00003a2c       0x3c c:/program files (x86)/atollic/truestudio for stm32 9.3.0/armtools/bin/../lib/gcc/arm-atollic-eabi/6.3.1/../../../../arm-atollic-eabi/lib/armv7-m\libc_nano.a(lib_a-puts.o)
 .debug_frame   0x00003a68       0x70 c:/program files (x86)/atollic/truestudio for stm32 9.3.0/armtools/bin/../lib/gcc/arm-atollic-eabi/6.3.1/../../../../arm-atollic-eabi/lib/armv7-m\libc_nano.a(lib_a-sprintf.o)
 .debug_frame   0x00003ad8       0x20 c:/program files (x86)/atollic/truestudio for stm32 9.3.0/armtools/bin/../lib/gcc/arm-atollic-eabi/6.3.1/../../../../arm-atollic-eabi/lib/armv7-m\libc_nano.a(lib_a-strcpy.o)
 .debug_frame   0x00003af8       0x40 c:/program files (x86)/atollic/truestudio for stm32 9.3.0/armtools/bin/../lib/gcc/arm-atollic-eabi/6.3.1/../../../../arm-atollic-eabi/lib/armv7-m\libc_nano.a(lib_a-wbuf.o)
 .debug_frame   0x00003b38       0x2c c:/program files (x86)/atollic/truestudio for stm32 9.3.0/armtools/bin/../lib/gcc/arm-atollic-eabi/6.3.1/../../../../arm-atollic-eabi/lib/armv7-m\libc_nano.a(lib_a-wsetup.o)
 .debug_frame   0x00003b64       0x68 c:/program files (x86)/atollic/truestudio for stm32 9.3.0/armtools/bin/../lib/gcc/arm-atollic-eabi/6.3.1/../../../../arm-atollic-eabi/lib/armv7-m\libc_nano.a(lib_a-fflush.o)
 .debug_frame   0x00003bcc      0x11c c:/program files (x86)/atollic/truestudio for stm32 9.3.0/armtools/bin/../lib/gcc/arm-atollic-eabi/6.3.1/../../../../arm-atollic-eabi/lib/armv7-m\libc_nano.a(lib_a-findfp.o)
 .debug_frame   0x00003ce8       0x54 c:/program files (x86)/atollic/truestudio for stm32 9.3.0/armtools/bin/../lib/gcc/arm-atollic-eabi/6.3.1/../../../../arm-atollic-eabi/lib/armv7-m\libc_nano.a(lib_a-fwalk.o)
 .debug_frame   0x00003d3c       0x58 c:/program files (x86)/atollic/truestudio for stm32 9.3.0/armtools/bin/../lib/gcc/arm-atollic-eabi/6.3.1/../../../../arm-atollic-eabi/lib/armv7-m\libc_nano.a(lib_a-makebuf.o)
 .debug_frame   0x00003d94       0x38 c:/program files (x86)/atollic/truestudio for stm32 9.3.0/armtools/bin/../lib/gcc/arm-atollic-eabi/6.3.1/../../../../arm-atollic-eabi/lib/armv7-m\libc_nano.a(lib_a-nano-freer.o)
 .debug_frame   0x00003dcc       0x2c c:/program files (x86)/atollic/truestudio for stm32 9.3.0/armtools/bin/../lib/gcc/arm-atollic-eabi/6.3.1/../../../../arm-atollic-eabi/lib/armv7-m\libc_nano.a(lib_a-nano-mallocr.o)
 .debug_frame   0x00003df8       0x90 c:/program files (x86)/atollic/truestudio for stm32 9.3.0/armtools/bin/../lib/gcc/arm-atollic-eabi/6.3.1/../../../../arm-atollic-eabi/lib/armv7-m\libc_nano.a(lib_a-nano-svfprintf.o)