Archive member included to satisfy reference by file (symbol)

c:/program files (x86)/atollic/truestudio for stm32 9.0.1/armtools/bin/../lib/gcc/arm-atollic-eabi/6.3.1/../../../../arm-atollic-eabi/lib/armv6-m\libc_nano.a(lib_a-init.o)
                              startup\startup_stm32f030x6.o (__libc_init_array)
c:/program files (x86)/atollic/truestudio for stm32 9.0.1/armtools/bin/../lib/gcc/arm-atollic-eabi/6.3.1/../../../../arm-atollic-eabi/lib/armv6-m\libc_nano.a(lib_a-memcpy-stub.o)
                              Drivers\STM32F0xx_HAL_Driver\Src\stm32f0xx_hal_rcc.o (memcpy)
c:/program files (x86)/atollic/truestudio for stm32 9.0.1/armtools/bin/../lib/gcc/arm-atollic-eabi/6.3.1/armv6-m\libgcc.a(_thumb1_case_uqi.o)
                              Drivers\STM32F0xx_HAL_Driver\Src\stm32f0xx_hal_dma.o (__gnu_thumb1_case_uqi)
c:/program files (x86)/atollic/truestudio for stm32 9.0.1/armtools/bin/../lib/gcc/arm-atollic-eabi/6.3.1/armv6-m\libgcc.a(_udivsi3.o)
                              Drivers\STM32F0xx_HAL_Driver\Src\stm32f0xx_hal.o (__aeabi_uidiv)
c:/program files (x86)/atollic/truestudio for stm32 9.0.1/armtools/bin/../lib/gcc/arm-atollic-eabi/6.3.1/armv6-m\libgcc.a(_dvmd_tls.o)
                              c:/program files (x86)/atollic/truestudio for stm32 9.0.1/armtools/bin/../lib/gcc/arm-atollic-eabi/6.3.1/armv6-m\libgcc.a(_udivsi3.o) (__aeabi_idiv0)
c:/program files (x86)/atollic/truestudio for stm32 9.0.1/armtools/bin/../lib/gcc/arm-atollic-eabi/6.3.1/armv6-m\libgcc.a(_lshrdi3.o)
                              Drivers\STM32F0xx_HAL_Driver\Src\stm32f0xx_hal_flash.o (__aeabi_llsr)

Allocating common symbols
Common symbol       size              file

sizeTx              0x1               Src\main.o
uwTick              0x4               Drivers\STM32F0xx_HAL_Driver\Src\stm32f0xx_hal.o
dataTx              0xf               Src\main.o
pFlash              0x20              Drivers\STM32F0xx_HAL_Driver\Src\stm32f0xx_hal_flash.o
nrf                 0x38              Src\main.o
huart1              0x70              Src\main.o
rx_data             0x4               Src\main.o
hspi1               0x64              Src\main.o
hadc                0x4c              Src\main.o

Discarded input sections

 .text          0x00000000        0x0 c:/program files (x86)/atollic/truestudio for stm32 9.0.1/armtools/bin/../lib/gcc/arm-atollic-eabi/6.3.1/armv6-m/crti.o
 .data          0x00000000        0x0 c:/program files (x86)/atollic/truestudio for stm32 9.0.1/armtools/bin/../lib/gcc/arm-atollic-eabi/6.3.1/armv6-m/crti.o
 .bss           0x00000000        0x0 c:/program files (x86)/atollic/truestudio for stm32 9.0.1/armtools/bin/../lib/gcc/arm-atollic-eabi/6.3.1/armv6-m/crti.o
 .data          0x00000000        0x4 c:/program files (x86)/atollic/truestudio for stm32 9.0.1/armtools/bin/../lib/gcc/arm-atollic-eabi/6.3.1/armv6-m/crtbegin.o
 .text          0x00000000        0x0 Drivers\STM32F0xx_HAL_Driver\Src\stm32f0xx_hal.o
 .data          0x00000000        0x0 Drivers\STM32F0xx_HAL_Driver\Src\stm32f0xx_hal.o
 .bss           0x00000000        0x0 Drivers\STM32F0xx_HAL_Driver\Src\stm32f0xx_hal.o
 .text.HAL_MspInit
                0x00000000        0x2 Drivers\STM32F0xx_HAL_Driver\Src\stm32f0xx_hal.o
 .text.HAL_MspDeInit
                0x00000000        0x2 Drivers\STM32F0xx_HAL_Driver\Src\stm32f0xx_hal.o
 .text.HAL_DeInit
                0x00000000       0x24 Drivers\STM32F0xx_HAL_Driver\Src\stm32f0xx_hal.o
 .text.HAL_SuspendTick
                0x00000000       0x10 Drivers\STM32F0xx_HAL_Driver\Src\stm32f0xx_hal.o
 .text.HAL_ResumeTick
                0x00000000       0x10 Drivers\STM32F0xx_HAL_Driver\Src\stm32f0xx_hal.o
 .text.HAL_GetHalVersion
                0x00000000        0x8 Drivers\STM32F0xx_HAL_Driver\Src\stm32f0xx_hal.o
 .text.HAL_GetREVID
                0x00000000        0xc Drivers\STM32F0xx_HAL_Driver\Src\stm32f0xx_hal.o
 .text.HAL_GetDEVID
                0x00000000       0x10 Drivers\STM32F0xx_HAL_Driver\Src\stm32f0xx_hal.o
 .text.HAL_GetUIDw0
                0x00000000        0xc Drivers\STM32F0xx_HAL_Driver\Src\stm32f0xx_hal.o
 .text.HAL_GetUIDw1
                0x00000000        0xc Drivers\STM32F0xx_HAL_Driver\Src\stm32f0xx_hal.o
 .text.HAL_GetUIDw2
                0x00000000        0xc Drivers\STM32F0xx_HAL_Driver\Src\stm32f0xx_hal.o
 .text.HAL_DBGMCU_EnableDBGStopMode
                0x00000000       0x10 Drivers\STM32F0xx_HAL_Driver\Src\stm32f0xx_hal.o
 .text.HAL_DBGMCU_DisableDBGStopMode
                0x00000000       0x10 Drivers\STM32F0xx_HAL_Driver\Src\stm32f0xx_hal.o
 .text.HAL_DBGMCU_EnableDBGStandbyMode
                0x00000000       0x10 Drivers\STM32F0xx_HAL_Driver\Src\stm32f0xx_hal.o
 .text.HAL_DBGMCU_DisableDBGStandbyMode
                0x00000000       0x10 Drivers\STM32F0xx_HAL_Driver\Src\stm32f0xx_hal.o
 .text          0x00000000        0x0 Drivers\STM32F0xx_HAL_Driver\Src\stm32f0xx_hal_adc.o
 .data          0x00000000        0x0 Drivers\STM32F0xx_HAL_Driver\Src\stm32f0xx_hal_adc.o
[...]
Memory Configuration

Name             Origin             Length             Attributes
RAM              0x20000000         0x00001000         xrw
FLASH            0x08000000         0x00004000         xr
*default*        0x00000000         0xffffffff

Linker script and memory map

LOAD c:/program files (x86)/atollic/truestudio for stm32 9.0.1/armtools/bin/../lib/gcc/arm-atollic-eabi/6.3.1/armv6-m/crti.o
LOAD c:/program files (x86)/atollic/truestudio for stm32 9.0.1/armtools/bin/../lib/gcc/arm-atollic-eabi/6.3.1/armv6-m/crtbegin.o
LOAD Drivers\STM32F0xx_HAL_Driver\Src\stm32f0xx_hal.o
LOAD Drivers\STM32F0xx_HAL_Driver\Src\stm32f0xx_hal_adc.o
LOAD Drivers\STM32F0xx_HAL_Driver\Src\stm32f0xx_hal_adc_ex.o
LOAD Drivers\STM32F0xx_HAL_Driver\Src\stm32f0xx_hal_cortex.o
LOAD Drivers\STM32F0xx_HAL_Driver\Src\stm32f0xx_hal_dma.o
LOAD Drivers\STM32F0xx_HAL_Driver\Src\stm32f0xx_hal_flash.o
LOAD Drivers\STM32F0xx_HAL_Driver\Src\stm32f0xx_hal_flash_ex.o
LOAD Drivers\STM32F0xx_HAL_Driver\Src\stm32f0xx_hal_gpio.o
LOAD Drivers\STM32F0xx_HAL_Driver\Src\stm32f0xx_hal_i2c.o
LOAD Drivers\STM32F0xx_HAL_Driver\Src\stm32f0xx_hal_i2c_ex.o
LOAD Drivers\STM32F0xx_HAL_Driver\Src\stm32f0xx_hal_pwr.o
LOAD Drivers\STM32F0xx_HAL_Driver\Src\stm32f0xx_hal_pwr_ex.o
LOAD Drivers\STM32F0xx_HAL_Driver\Src\stm32f0xx_hal_rcc.o
LOAD Drivers\STM32F0xx_HAL_Driver\Src\stm32f0xx_hal_rcc_ex.o
LOAD Drivers\STM32F0xx_HAL_Driver\Src\stm32f0xx_hal_spi.o
LOAD Drivers\STM32F0xx_HAL_Driver\Src\stm32f0xx_hal_spi_ex.o
LOAD Drivers\STM32F0xx_HAL_Driver\Src\stm32f0xx_hal_tim.o
LOAD Drivers\STM32F0xx_HAL_Driver\Src\stm32f0xx_hal_tim_ex.o
LOAD Drivers\STM32F0xx_HAL_Driver\Src\stm32f0xx_hal_uart.o
LOAD Drivers\STM32F0xx_HAL_Driver\Src\stm32f0xx_hal_uart_ex.o
LOAD Src\main.o
LOAD Src\nrf24l01.o
LOAD Src\stm32f0xx_hal_msp.o
LOAD Src\stm32f0xx_it.o
LOAD Src\system_stm32f0xx.o
LOAD startup\startup_stm32f030x6.o
                0x00000080                malloc_getpagesize_P = 0x80
START GROUP
LOAD c:/program files (x86)/atollic/truestudio for stm32 9.0.1/armtools/bin/../lib/gcc/arm-atollic-eabi/6.3.1/../../../../arm-atollic-eabi/lib/armv6-m\libc_nano.a
LOAD c:/program files (x86)/atollic/truestudio for stm32 9.0.1/armtools/bin/../lib/gcc/arm-atollic-eabi/6.3.1/../../../../arm-atollic-eabi/lib/armv6-m\libm.a
END GROUP
START GROUP
LOAD c:/program files (x86)/atollic/truestudio for stm32 9.0.1/armtools/bin/../lib/gcc/arm-atollic-eabi/6.3.1/armv6-m\libgcc.a
LOAD c:/program files (x86)/atollic/truestudio for stm32 9.0.1/armtools/bin/../lib/gcc/arm-atollic-eabi/6.3.1/../../../../arm-atollic-eabi/lib/armv6-m\libc_nano.a
END GROUP
START GROUP
LOAD c:/program files (x86)/atollic/truestudio for stm32 9.0.1/armtools/bin/../lib/gcc/arm-atollic-eabi/6.3.1/armv6-m\libgcc.a
LOAD c:/program files (x86)/atollic/truestudio for stm32 9.0.1/armtools/bin/../lib/gcc/arm-atollic-eabi/6.3.1/../../../../arm-atollic-eabi/lib/armv6-m\libc_nano.a
LOAD c:/program files (x86)/atollic/truestudio for stm32 9.0.1/armtools/bin/../lib/gcc/arm-atollic-eabi/6.3.1/../../../../arm-atollic-eabi/lib/armv6-m\libnosys.a
END GROUP
START GROUP
LOAD c:/program files (x86)/atollic/truestudio for stm32 9.0.1/armtools/bin/../lib/gcc/arm-atollic-eabi/6.3.1/armv6-m\libgcc.a
LOAD c:/program files (x86)/atollic/truestudio for stm32 9.0.1/armtools/bin/../lib/gcc/arm-atollic-eabi/6.3.1/../../../../arm-atollic-eabi/lib/armv6-m\libc_nano.a
LOAD c:/program files (x86)/atollic/truestudio for stm32 9.0.1/armtools/bin/../lib/gcc/arm-atollic-eabi/6.3.1/../../../../arm-atollic-eabi/lib/armv6-m\libnosys.a
END GROUP
LOAD c:/program files (x86)/atollic/truestudio for stm32 9.0.1/armtools/bin/../lib/gcc/arm-atollic-eabi/6.3.1/armv6-m/crtend.o
LOAD c:/program files (x86)/atollic/truestudio for stm32 9.0.1/armtools/bin/../lib/gcc/arm-atollic-eabi/6.3.1/armv6-m/crtn.o
                0x20001000                _estack = 0x20001000
                0x00000200                _Min_Heap_Size = 0x200
                0x00000400                _Min_Stack_Size = 0x400

.isr_vector     0x08000000       0xc0
                0x08000000                . = ALIGN (0x4)
 *(.isr_vector)
 .isr_vector    0x08000000       0xc0 startup\startup_stm32f030x6.o
                0x08000000                g_pfnVectors
                0x080000c0                . = ALIGN (0x4)

.text           0x080000c0     0x1ef0
                0x080000c0                . = ALIGN (0x4)
 *(.text)
 .text          0x080000c0       0x48 c:/program files (x86)/atollic/truestudio for stm32 9.0.1/armtools/bin/../lib/gcc/arm-atollic-eabi/6.3.1/armv6-m/crtbegin.o
 .text          0x08000108       0x14 c:/program files (x86)/atollic/truestudio for stm32 9.0.1/armtools/bin/../lib/gcc/arm-atollic-eabi/6.3.1/armv6-m\libgcc.a(_thumb1_case_uqi.o)
                0x08000108                __gnu_thumb1_case_uqi
 .text          0x0800011c      0x114 c:/program files (x86)/atollic/truestudio for stm32 9.0.1/armtools/bin/../lib/gcc/arm-atollic-eabi/6.3.1/armv6-m\libgcc.a(_udivsi3.o)
                0x0800011c                __aeabi_uidiv
                0x0800011c                __udivsi3
                0x08000228                __aeabi_uidivmod
 .text          0x08000230        0x4 c:/program files (x86)/atollic/truestudio for stm32 9.0.1/armtools/bin/../lib/gcc/arm-atollic-eabi/6.3.1/armv6-m\libgcc.a(_dvmd_tls.o)
                0x08000230                __aeabi_idiv0
                0x08000230                __aeabi_ldiv0
 *(.text*)
 .text.HAL_InitTick
                0x08000234       0x24 Drivers\STM32F0xx_HAL_Driver\Src\stm32f0xx_hal.o
                0x08000234                HAL_InitTick
 .text.HAL_Init
                0x08000258       0x20 Drivers\STM32F0xx_HAL_Driver\Src\stm32f0xx_hal.o
                0x08000258                HAL_Init
 .text.HAL_IncTick
                0x08000278       0x10 Drivers\STM32F0xx_HAL_Driver\Src\stm32f0xx_hal.o
                0x08000278                HAL_IncTick
 .text.HAL_GetTick
                0x08000288        0xc Drivers\STM32F0xx_HAL_Driver\Src\stm32f0xx_hal.o
                0x08000288                HAL_GetTick
 .text.HAL_Delay
                0x08000294       0x20 Drivers\STM32F0xx_HAL_Driver\Src\stm32f0xx_hal.o
                0x08000294                HAL_Delay
 .text.HAL_ADC_Init
                0x080002b4      0x14c Drivers\STM32F0xx_HAL_Driver\Src\stm32f0xx_hal_adc.o
                0x080002b4                HAL_ADC_Init
 .text.HAL_ADC_ConfigChannel
                0x08000400       0xec Drivers\STM32F0xx_HAL_Driver\Src\stm32f0xx_hal_adc.o
                0x08000400                HAL_ADC_ConfigChannel
 .text.HAL_NVIC_SetPriority
                0x080004ec       0x60 Drivers\STM32F0xx_HAL_Driver\Src\stm32f0xx_hal_cortex.o
                0x080004ec                HAL_NVIC_SetPriority
 .text.HAL_SYSTICK_Config
                0x0800054c       0x34 Drivers\STM32F0xx_HAL_Driver\Src\stm32f0xx_hal_cortex.o
                0x0800054c                HAL_SYSTICK_Config
 .text.HAL_SYSTICK_CLKSourceConfig
                0x08000580       0x1c Drivers\STM32F0xx_HAL_Driver\Src\stm32f0xx_hal_cortex.o
                0x08000580                HAL_SYSTICK_CLKSourceConfig
 .text.HAL_SYSTICK_Callback
                0x0800059c        0x2 Drivers\STM32F0xx_HAL_Driver\Src\stm32f0xx_hal_cortex.o
                0x0800059c                HAL_SYSTICK_Callback
 .text.HAL_SYSTICK_IRQHandler
                0x0800059e        0x8 Drivers\STM32F0xx_HAL_Driver\Src\stm32f0xx_hal_cortex.o
                0x0800059e                HAL_SYSTICK_IRQHandler
 *fill*         0x080005a6        0x2 
 .text.HAL_GPIO_Init
                0x080005a8      0x160 Drivers\STM32F0xx_HAL_Driver\Src\stm32f0xx_hal_gpio.o
                0x080005a8                HAL_GPIO_Init
 .text.HAL_GPIO_WritePin
                0x08000708        0xc Drivers\STM32F0xx_HAL_Driver\Src\stm32f0xx_hal_gpio.o
                0x08000708                HAL_GPIO_WritePin
 .text.HAL_GPIO_TogglePin
                0x08000714        0x8 Drivers\STM32F0xx_HAL_Driver\Src\stm32f0xx_hal_gpio.o
                0x08000714                HAL_GPIO_TogglePin
 .text.HAL_RCC_OscConfig
                0x0800071c      0x3c4 Drivers\STM32F0xx_HAL_Driver\Src\stm32f0xx_hal_rcc.o
                0x0800071c                HAL_RCC_OscConfig
 .text.HAL_RCC_GetSysClockFreq
                0x08000ae0       0x70 Drivers\STM32F0xx_HAL_Driver\Src\stm32f0xx_hal_rcc.o
                0x08000ae0                HAL_RCC_GetSysClockFreq
 .text.HAL_RCC_ClockConfig
                0x08000b50      0x12c Drivers\STM32F0xx_HAL_Driver\Src\stm32f0xx_hal_rcc.o
                0x08000b50                HAL_RCC_ClockConfig
 .text.HAL_RCC_GetHCLKFreq
                0x08000c7c        0xc Drivers\STM32F0xx_HAL_Driver\Src\stm32f0xx_hal_rcc.o
                0x08000c7c                HAL_RCC_GetHCLKFreq
 .text.HAL_RCC_GetPCLK1Freq
                0x08000c88       0x20 Drivers\STM32F0xx_HAL_Driver\Src\stm32f0xx_hal_rcc.o
                0x08000c88                HAL_RCC_GetPCLK1Freq
 .text.HAL_RCCEx_PeriphCLKConfig
                0x08000ca8      0x108 Drivers\STM32F0xx_HAL_Driver\Src\stm32f0xx_hal_rcc_ex.o
                0x08000ca8                HAL_RCCEx_PeriphCLKConfig
 .text.SPI_WaitFifoStateUntilTimeout.part.1
                0x08000db0       0x60 Drivers\STM32F0xx_HAL_Driver\Src\stm32f0xx_hal_spi.o
 .text.SPI_WaitFlagStateUntilTimeout.constprop.9
                0x08000e10       0x2e Drivers\STM32F0xx_HAL_Driver\Src\stm32f0xx_hal_spi.o
 .text.SPI_WaitFifoStateUntilTimeout.constprop.10
                0x08000e3e       0x48 Drivers\STM32F0xx_HAL_Driver\Src\stm32f0xx_hal_spi.o
 .text.SPI_EndRxTxTransaction
                0x08000e86       0x46 Drivers\STM32F0xx_HAL_Driver\Src\stm32f0xx_hal_spi.o
 .text.HAL_SPI_Init
                0x08000ecc       0xbc Drivers\STM32F0xx_HAL_Driver\Src\stm32f0xx_hal_spi.o
                0x08000ecc                HAL_SPI_Init
 .text.HAL_SPI_TransmitReceive
                0x08000f88      0x268 Drivers\STM32F0xx_HAL_Driver\Src\stm32f0xx_hal_spi.o
                0x08000f88                HAL_SPI_TransmitReceive
 .text.UART_SetConfig
                0x080011f0      0x108 Drivers\STM32F0xx_HAL_Driver\Src\stm32f0xx_hal_uart.o
                0x080011f0                UART_SetConfig
 .text.UART_AdvFeatureConfig
                0x080012f8       0xd0 Drivers\STM32F0xx_HAL_Driver\Src\stm32f0xx_hal_uart.o
                0x080012f8                UART_AdvFeatureConfig
 .text.HAL_UART_Init
                0x080013c8       0x78 Drivers\STM32F0xx_HAL_Driver\Src\stm32f0xx_hal_uart.o
                0x080013c8                HAL_UART_Init
 .text.SystemClock_Config
                0x08001440       0x7e Src\main.o
                0x08001440                SystemClock_Config
 *fill*         0x080014be        0x2 
 .text.nRF24L01_config
                0x080014c0       0x74 Src\main.o
                0x080014c0                nRF24L01_config
 .text.startup.main
                0x08001534      0x1a4 Src\main.o
                0x08001534                main
 .text.ce_reset
                0x080016d8        0xe Src\nrf24l01.o
 .text.ce_set   0x080016e6        0xe Src\nrf24l01.o
 .text.nrf_send_command
                0x080016f4       0x84 Src\nrf24l01.o
                0x080016f4                nrf_send_command
 .text.nrf_read_register
                0x08001778       0x1e Src\nrf24l01.o
                0x08001778                nrf_read_register
 .text.nrf_write_register
                0x08001796       0x20 Src\nrf24l01.o
                0x08001796                nrf_write_register
 .text.nrf_write_tx_payload
                0x080017b6       0x28 Src\nrf24l01.o
                0x080017b6                nrf_write_tx_payload
 .text.nrf_flush_rx
                0x080017de       0x22 Src\nrf24l01.o
                0x080017de                nrf_flush_rx
 .text.nrf_set_data_rate
                0x08001800       0x54 Src\nrf24l01.o
                0x08001800                nrf_set_data_rate
 .text.nrf_clear_interrupts
                0x08001854       0x36 Src\nrf24l01.o
                0x08001854                nrf_clear_interrupts
 .text.nrf_set_rf_channel
                0x0800188a       0x3a Src\nrf24l01.o
                0x0800188a                nrf_set_rf_channel
 .text.nrf_set_retransmittion_count
                0x080018c4       0x3c Src\nrf24l01.o
                0x080018c4                nrf_set_retransmittion_count
 .text.nrf_set_retransmittion_delay
                0x08001900       0x3e Src\nrf24l01.o
                0x08001900                nrf_set_retransmittion_delay
 .text.nrf_set_address_width
                0x0800193e       0x38 Src\nrf24l01.o
                0x0800193e                nrf_set_address_width
 .text.nrf_set_rx_pipes
                0x08001976       0x16 Src\nrf24l01.o
                0x08001976                nrf_set_rx_pipes
 .text.nrf_enable_auto_ack
                0x0800198c       0x38 Src\nrf24l01.o
                0x0800198c                nrf_enable_auto_ack
 .text.nrf_enable_crc
                0x080019c4       0x3e Src\nrf24l01.o
                0x080019c4                nrf_enable_crc
 .text.nrf_set_crc_width
                0x08001a02       0x40 Src\nrf24l01.o
                0x08001a02                nrf_set_crc_width
 .text.nrf_power_up
                0x08001a42       0x3e Src\nrf24l01.o
                0x08001a42                nrf_power_up
 .text.nrf_rx_tx_control
                0x08001a80       0x40 Src\nrf24l01.o
                0x08001a80                nrf_rx_tx_control
 .text.nrf_enable_rx_data_ready_irq
                0x08001ac0       0x3e Src\nrf24l01.o
                0x08001ac0                nrf_enable_rx_data_ready_irq
 .text.nrf_enable_tx_data_sent_irq
                0x08001afe       0x3e Src\nrf24l01.o
                0x08001afe                nrf_enable_tx_data_sent_irq
 .text.nrf_enable_max_retransmit_irq
                0x08001b3c       0x3e Src\nrf24l01.o
                0x08001b3c                nrf_enable_max_retransmit_irq
 .text.nrf_set_rx_address_p0
                0x08001b7a       0x24 Src\nrf24l01.o
                0x08001b7a                nrf_set_rx_address_p0
 .text.nrf_set_rx_address_p1
                0x08001b9e       0x24 Src\nrf24l01.o
                0x08001b9e                nrf_set_rx_address_p1
 .text.nrf_set_tx_address
                0x08001bc2       0x24 Src\nrf24l01.o
                0x08001bc2                nrf_set_tx_address
 .text.nrf_set_rx_payload_width_p0
                0x08001be6       0x28 Src\nrf24l01.o
                0x08001be6                nrf_set_rx_payload_width_p0
 .text.nrf_set_rx_payload_width_p1
                0x08001c0e       0x28 Src\nrf24l01.o
                0x08001c0e                nrf_set_rx_payload_width_p1
 .text.nrf_init
                0x08001c36       0xe2 Src\nrf24l01.o
                0x08001c36                nrf_init
 .text.nrf_send_packet
                0x08001d18       0x36 Src\nrf24l01.o
                0x08001d18                nrf_send_packet
 *fill*         0x08001d4e        0x2 
 .text.HAL_MspInit
                0x08001d50       0x50 Src\stm32f0xx_hal_msp.o
                0x08001d50                HAL_MspInit
 .text.HAL_ADC_MspInit
                0x08001da0       0x40 Src\stm32f0xx_hal_msp.o
                0x08001da0                HAL_ADC_MspInit
 .text.HAL_SPI_MspInit
                0x08001de0       0x48 Src\stm32f0xx_hal_msp.o
                0x08001de0                HAL_SPI_MspInit
 .text.HAL_UART_MspInit
                0x08001e28       0x4c Src\stm32f0xx_hal_msp.o
                0x08001e28                HAL_UART_MspInit
 .text.NMI_Handler
                0x08001e74        0x2 Src\stm32f0xx_it.o
                0x08001e74                NMI_Handler
 .text.HardFault_Handler
                0x08001e76        0x2 Src\stm32f0xx_it.o
                0x08001e76                HardFault_Handler
 .text.SVC_Handler
                0x08001e78        0x2 Src\stm32f0xx_it.o
                0x08001e78                SVC_Handler
 .text.PendSV_Handler
                0x08001e7a        0x2 Src\stm32f0xx_it.o
                0x08001e7a                PendSV_Handler
 .text.SysTick_Handler
                0x08001e7c        0xc Src\stm32f0xx_it.o
                0x08001e7c                SysTick_Handler
 .text.SystemInit
                0x08001e88       0x60 Src\system_stm32f0xx.o
                0x08001e88                SystemInit
 .text.Reset_Handler
                0x08001ee8       0x50 startup\startup_stm32f030x6.o
                0x08001ee8                Reset_Handler
 .text.Default_Handler
                0x08001f38        0x2 startup\startup_stm32f030x6.o
                0x08001f38                TIM1_CC_IRQHandler
                0x08001f38                I2C1_IRQHandler
                0x08001f38                SPI1_IRQHandler
                0x08001f38                EXTI2_3_IRQHandler
                0x08001f38                ADC1_IRQHandler
                0x08001f38                TIM17_IRQHandler
                0x08001f38                RTC_IRQHandler
                0x08001f38                TIM16_IRQHandler
                0x08001f38                TIM3_IRQHandler
                0x08001f38                EXTI4_15_IRQHandler
                0x08001f38                RCC_IRQHandler
                0x08001f38                DMA1_Channel1_IRQHandler
                0x08001f38                Default_Handler
                0x08001f38                TIM14_IRQHandler
                0x08001f38                DMA1_Channel4_5_IRQHandler
                0x08001f38                EXTI0_1_IRQHandler
                0x08001f38                WWDG_IRQHandler
                0x08001f38                DMA1_Channel2_3_IRQHandler
                0x08001f38                FLASH_IRQHandler
                0x08001f38                USART1_IRQHandler
                0x08001f38                TIM1_BRK_UP_TRG_COM_IRQHandler
 *fill*         0x08001f3a        0x2 
 .text.__libc_init_array
                0x08001f3c       0x48 c:/program files (x86)/atollic/truestudio for stm32 9.0.1/armtools/bin/../lib/gcc/arm-atollic-eabi/6.3.1/../../../../arm-atollic-eabi/lib/armv6-m\libc_nano.a(lib_a-init.o)
                0x08001f3c                __libc_init_array
 .text.memcpy   0x08001f84       0x12 c:/program files (x86)/atollic/truestudio for stm32 9.0.1/armtools/bin/../lib/gcc/arm-atollic-eabi/6.3.1/../../../../arm-atollic-eabi/lib/armv6-m\libc_nano.a(lib_a-memcpy-stub.o)
                0x08001f84                memcpy
 *(.glue_7)
 .glue_7        0x08001f96        0x0 linker stubs
 *(.glue_7t)
 .glue_7t       0x08001f96        0x0 linker stubs
 *(.eh_frame)
 *fill*         0x08001f96        0x2 
 .eh_frame      0x08001f98        0x0 c:/program files (x86)/atollic/truestudio for stm32 9.0.1/armtools/bin/../lib/gcc/arm-atollic-eabi/6.3.1/armv6-m/crtbegin.o
 *(.init)
 .init          0x08001f98        0x4 c:/program files (x86)/atollic/truestudio for stm32 9.0.1/armtools/bin/../lib/gcc/arm-atollic-eabi/6.3.1/armv6-m/crti.o
                0x08001f98                _init
 .init          0x08001f9c        0x8 c:/program files (x86)/atollic/truestudio for stm32 9.0.1/armtools/bin/../lib/gcc/arm-atollic-eabi/6.3.1/armv6-m/crtn.o
 *(.fini)
 .fini          0x08001fa4        0x4 c:/program files (x86)/atollic/truestudio for stm32 9.0.1/armtools/bin/../lib/gcc/arm-atollic-eabi/6.3.1/armv6-m/crti.o
                0x08001fa4                _fini
 .fini          0x08001fa8        0x8 c:/program files (x86)/atollic/truestudio for stm32 9.0.1/armtools/bin/../lib/gcc/arm-atollic-eabi/6.3.1/armv6-m/crtn.o
                0x08001fb0                . = ALIGN (0x4)
                0x08001fb0                _etext = .

.vfp11_veneer   0x08001fb0        0x0
 .vfp11_veneer  0x08001fb0        0x0 linker stubs

.v4_bx          0x08001fb0        0x0
 .v4_bx         0x08001fb0        0x0 linker stubs

.iplt           0x08001fb0        0x0
 .iplt          0x08001fb0        0x0 c:/program files (x86)/atollic/truestudio for stm32 9.0.1/armtools/bin/../lib/gcc/arm-atollic-eabi/6.3.1/armv6-m/crtbegin.o

.rodata         0x08001fb0       0x48
                0x08001fb0                . = ALIGN (0x4)
 *(.rodata)
 .rodata        0x08001fb0       0x20 Drivers\STM32F0xx_HAL_Driver\Src\stm32f0xx_hal_rcc.o
 *(.rodata*)
 .rodata.CSWTCH.50
                0x08001fd0        0x4 Drivers\STM32F0xx_HAL_Driver\Src\stm32f0xx_hal_uart.o
 .rodata.rx_address
                0x08001fd4        0x5 Src\main.o
 .rodata.tx_address
                0x08001fd9        0x5 Src\main.o
 .rodata.AHBPrescTable
                0x08001fde       0x10 Src\system_stm32f0xx.o
                0x08001fde                AHBPrescTable
 .rodata.APBPrescTable
                0x08001fee        0x8 Src\system_stm32f0xx.o
                0x08001fee                APBPrescTable
                0x08001ff8                . = ALIGN (0x4)
 *fill*         0x08001ff6        0x2 

.rel.dyn        0x08001ff8        0x0
 .rel.iplt      0x08001ff8        0x0 c:/program files (x86)/atollic/truestudio for stm32 9.0.1/armtools/bin/../lib/gcc/arm-atollic-eabi/6.3.1/armv6-m/crtbegin.o

.ARM.extab
 *(.ARM.extab* .gnu.linkonce.armextab.*)

.ARM            0x08001ff8        0x0
                0x08001ff8                __exidx_start = .
 *(.ARM.exidx*)
                0x08001ff8                __exidx_end = .

.preinit_array  0x08001ff8        0x0
                0x08001ff8                PROVIDE (__preinit_array_start, .)
 *(.preinit_array*)
                0x08001ff8                PROVIDE (__preinit_array_end, .)

.init_array     0x08001ff8        0x4
                0x08001ff8                PROVIDE (__init_array_start, .)
 *(SORT(.init_array.*))
 *(.init_array*)
 .init_array    0x08001ff8        0x4 c:/program files (x86)/atollic/truestudio for stm32 9.0.1/armtools/bin/../lib/gcc/arm-atollic-eabi/6.3.1/armv6-m/crtbegin.o
                0x08001ffc                PROVIDE (__init_array_end, .)

.fini_array     0x08001ffc        0x4
                [!provide]                PROVIDE (__fini_array_start, .)
 *(SORT(.fini_array.*))
 *(.fini_array*)
 .fini_array    0x08001ffc        0x4 c:/program files (x86)/atollic/truestudio for stm32 9.0.1/armtools/bin/../lib/gcc/arm-atollic-eabi/6.3.1/armv6-m/crtbegin.o
                [!provide]                PROVIDE (__fini_array_end, .)
                0x08002000                _sidata = LOADADDR (.data)

.data           0x20000000        0x4 load address 0x08002000
                0x20000000                . = ALIGN (0x4)
                0x20000000                _sdata = .
 *(.data)
 *(.data*)
 .data.SystemCoreClock
                0x20000000        0x4 Src\system_stm32f0xx.o
                0x20000000                SystemCoreClock
                0x20000004                . = ALIGN (0x4)
                0x20000004                _edata = .

.igot.plt       0x20000004        0x0 load address 0x08002004
 .igot.plt      0x20000004        0x0 c:/program files (x86)/atollic/truestudio for stm32 9.0.1/armtools/bin/../lib/gcc/arm-atollic-eabi/6.3.1/armv6-m/crtbegin.o
                0x20000004                . = ALIGN (0x4)

.bss            0x20000004      0x18c load address 0x08002004
                0x20000004                _sbss = .
                0x20000004                __bss_start__ = _sbss
 *(.bss)
 .bss           0x20000004       0x1c c:/program files (x86)/atollic/truestudio for stm32 9.0.1/armtools/bin/../lib/gcc/arm-atollic-eabi/6.3.1/armv6-m/crtbegin.o
 *(.bss*)
 *(COMMON)
 COMMON         0x20000020        0x4 Drivers\STM32F0xx_HAL_Driver\Src\stm32f0xx_hal.o
                0x20000020                uwTick
 COMMON         0x20000024      0x16c Src\main.o
                0x20000024                sizeTx
                0x20000025                dataTx
                0x20000034                nrf
                0x2000006c                huart1
                0x200000dc                rx_data
                0x200000e0                hspi1
                0x20000144                hadc
                0x20000190                . = ALIGN (0x4)
                0x20000190                _ebss = .
                0x20000190                __bss_end__ = _ebss

._user_heap_stack
                0x20000190      0x600 load address 0x08002004
                0x20000190                . = ALIGN (0x4)
                [!provide]                PROVIDE (end, .)
                [!provide]                PROVIDE (_end, .)
                0x20000390                . = (. + _Min_Heap_Size)
 *fill*         0x20000190      0x200 
                0x20000790                . = (. + _Min_Stack_Size)
 *fill*         0x20000390      0x400 
                0x20000790                . = ALIGN (0x4)

/DISCARD/
 libc.a(*)
 libm.a(*)
 libgcc.a(*)

.ARM.attributes
                0x00000000       0x28
 *(.ARM.attributes)
 .ARM.attributes
                0x00000000       0x1e c:/program files (x86)/atollic/truestudio for stm32 9.0.1/armtools/bin/../lib/gcc/arm-atollic-eabi/6.3.1/armv6-m/crti.o
 .ARM.attributes
                0x0000001e       0x2c c:/program files (x86)/atollic/truestudio for stm32 9.0.1/armtools/bin/../lib/gcc/arm-atollic-eabi/6.3.1/armv6-m/crtbegin.o
 .ARM.attributes
                0x0000004a       0x31 Drivers\STM32F0xx_HAL_Driver\Src\stm32f0xx_hal.o
 .ARM.attributes
                0x0000007b       0x31 Drivers\STM32F0xx_HAL_Driver\Src\stm32f0xx_hal_adc.o
 .ARM.attributes
                0x000000ac       0x31 Drivers\STM32F0xx_HAL_Driver\Src\stm32f0xx_hal_cortex.o
 .ARM.attributes
                0x000000dd       0x31 Drivers\STM32F0xx_HAL_Driver\Src\stm32f0xx_hal_gpio.o
 .ARM.attributes
                0x0000010e       0x31 Drivers\STM32F0xx_HAL_Driver\Src\stm32f0xx_hal_rcc.o
 .ARM.attributes
                0x0000013f       0x31 Drivers\STM32F0xx_HAL_Driver\Src\stm32f0xx_hal_rcc_ex.o
 .ARM.attributes
                0x00000170       0x31 Drivers\STM32F0xx_HAL_Driver\Src\stm32f0xx_hal_spi.o
 .ARM.attributes
                0x000001a1       0x31 Drivers\STM32F0xx_HAL_Driver\Src\stm32f0xx_hal_uart.o
 .ARM.attributes
                0x000001d2       0x31 Src\main.o
 .ARM.attributes
                0x00000203       0x31 Src\nrf24l01.o
 .ARM.attributes
                0x00000234       0x31 Src\stm32f0xx_hal_msp.o
 .ARM.attributes
                0x00000265       0x31 Src\stm32f0xx_it.o
 .ARM.attributes
                0x00000296       0x31 Src\system_stm32f0xx.o
 .ARM.attributes
                0x000002c7       0x21 startup\startup_stm32f030x6.o
 .ARM.attributes
                0x000002e8       0x2c c:/program files (x86)/atollic/truestudio for stm32 9.0.1/armtools/bin/../lib/gcc/arm-atollic-eabi/6.3.1/../../../../arm-atollic-eabi/lib/armv6-m\libc_nano.a(lib_a-init.o)
 .ARM.attributes
                0x00000314       0x2c c:/program files (x86)/atollic/truestudio for stm32 9.0.1/armtools/bin/../lib/gcc/arm-atollic-eabi/6.3.1/../../../../arm-atollic-eabi/lib/armv6-m\libc_nano.a(lib_a-memcpy-stub.o)
 .ARM.attributes
                0x00000340       0x1e c:/program files (x86)/atollic/truestudio for stm32 9.0.1/armtools/bin/../lib/gcc/arm-atollic-eabi/6.3.1/armv6-m\libgcc.a(_thumb1_case_uqi.o)
 .ARM.attributes
                0x0000035e       0x1e c:/program files (x86)/atollic/truestudio for stm32 9.0.1/armtools/bin/../lib/gcc/arm-atollic-eabi/6.3.1/armv6-m\libgcc.a(_udivsi3.o)
 .ARM.attributes
                0x0000037c       0x1e c:/program files (x86)/atollic/truestudio for stm32 9.0.1/armtools/bin/../lib/gcc/arm-atollic-eabi/6.3.1/armv6-m\libgcc.a(_dvmd_tls.o)
 .ARM.attributes
                0x0000039a       0x1e c:/program files (x86)/atollic/truestudio for stm32 9.0.1/armtools/bin/../lib/gcc/arm-atollic-eabi/6.3.1/armv6-m/crtn.o
OUTPUT(testF0.elf elf32-littlearm)

.debug_info     0x00000000    0x11c14
 .debug_info    0x00000000      0xe2b Drivers\STM32F0xx_HAL_Driver\Src\stm32f0xx_hal.o
 .debug_info    0x00000e2b     0x1672 Drivers\STM32F0xx_HAL_Driver\Src\stm32f0xx_hal_adc.o
 .debug_info    0x0000249d      0xfdb Drivers\STM32F0xx_HAL_Driver\Src\stm32f0xx_hal_cortex.o
 .debug_info    0x00003478      0xe4c Drivers\STM32F0xx_HAL_Driver\Src\stm32f0xx_hal_gpio.o
 .debug_info    0x000042c4     0x1168 Drivers\STM32F0xx_HAL_Driver\Src\stm32f0xx_hal_rcc.o
 .debug_info    0x0000542c      0xbed Drivers\STM32F0xx_HAL_Driver\Src\stm32f0xx_hal_rcc_ex.o
 .debug_info    0x00006019     0x2761 Drivers\STM32F0xx_HAL_Driver\Src\stm32f0xx_hal_spi.o
 .debug_info    0x0000877a     0x2071 Drivers\STM32F0xx_HAL_Driver\Src\stm32f0xx_hal_uart.o
 .debug_info    0x0000a7eb     0x1f1a Src\main.o
 .debug_info    0x0000c705     0x292c Src\nrf24l01.o
 .debug_info    0x0000f031     0x176c Src\stm32f0xx_hal_msp.o
 .debug_info    0x0001079d      0x97d Src\stm32f0xx_it.o
 .debug_info    0x0001111a      0xa67 Src\system_stm32f0xx.o
 .debug_info    0x00011b81       0x93 startup\startup_stm32f030x6.o

.debug_abbrev   0x00000000     0x2476
 .debug_abbrev  0x00000000      0x2d1 Drivers\STM32F0xx_HAL_Driver\Src\stm32f0xx_hal.o
 .debug_abbrev  0x000002d1      0x33d Drivers\STM32F0xx_HAL_Driver\Src\stm32f0xx_hal_adc.o
 .debug_abbrev  0x0000060e      0x30a Drivers\STM32F0xx_HAL_Driver\Src\stm32f0xx_hal_cortex.o
 .debug_abbrev  0x00000918      0x277 Drivers\STM32F0xx_HAL_Driver\Src\stm32f0xx_hal_gpio.o
 .debug_abbrev  0x00000b8f      0x2ea Drivers\STM32F0xx_HAL_Driver\Src\stm32f0xx_hal_rcc.o
 .debug_abbrev  0x00000e79      0x268 Drivers\STM32F0xx_HAL_Driver\Src\stm32f0xx_hal_rcc_ex.o
 .debug_abbrev  0x000010e1      0x3b2 Drivers\STM32F0xx_HAL_Driver\Src\stm32f0xx_hal_spi.o
 .debug_abbrev  0x00001493      0x378 Drivers\STM32F0xx_HAL_Driver\Src\stm32f0xx_hal_uart.o
 .debug_abbrev  0x0000180b      0x365 Src\main.o
 .debug_abbrev  0x00001b70      0x32d Src\nrf24l01.o
 .debug_abbrev  0x00001e9d      0x215 Src\stm32f0xx_hal_msp.o
 .debug_abbrev  0x000020b2      0x1e8 Src\stm32f0xx_it.o
 .debug_abbrev  0x0000229a      0x1ca Src\system_stm32f0xx.o
 .debug_abbrev  0x00002464       0x12 startup\startup_stm32f030x6.o

.debug_loc      0x00000000     0x589b
 .debug_loc     0x00000000       0x7c Drivers\STM32F0xx_HAL_Driver\Src\stm32f0xx_hal.o
 .debug_loc     0x0000007c      0xaad Drivers\STM32F0xx_HAL_Driver\Src\stm32f0xx_hal_adc.o
 .debug_loc     0x00000b29      0x3cc Drivers\STM32F0xx_HAL_Driver\Src\stm32f0xx_hal_cortex.o
 .debug_loc     0x00000ef5      0x307 Drivers\STM32F0xx_HAL_Driver\Src\stm32f0xx_hal_gpio.o
 .debug_loc     0x000011fc      0x4cd Drivers\STM32F0xx_HAL_Driver\Src\stm32f0xx_hal_rcc.o
 .debug_loc     0x000016c9      0x26f Drivers\STM32F0xx_HAL_Driver\Src\stm32f0xx_hal_rcc_ex.o
 .debug_loc     0x00001938     0x19ab Drivers\STM32F0xx_HAL_Driver\Src\stm32f0xx_hal_spi.o
 .debug_loc     0x000032e3     0x13f2 Drivers\STM32F0xx_HAL_Driver\Src\stm32f0xx_hal_uart.o
 .debug_loc     0x000046d5       0x6b Src\main.o
 .debug_loc     0x00004740      0xf63 Src\nrf24l01.o
 .debug_loc     0x000056a3       0xc6 Src\stm32f0xx_hal_msp.o
 .debug_loc     0x00005769      0x132 Src\system_stm32f0xx.o

.debug_aranges  0x00000000      0x880
 .debug_aranges
                0x00000000       0xb0 Drivers\STM32F0xx_HAL_Driver\Src\stm32f0xx_hal.o
 .debug_aranges
                0x000000b0       0xd0 Drivers\STM32F0xx_HAL_Driver\Src\stm32f0xx_hal_adc.o
 .debug_aranges
                0x00000180       0x78 Drivers\STM32F0xx_HAL_Driver\Src\stm32f0xx_hal_cortex.o
 .debug_aranges
                0x000001f8       0x58 Drivers\STM32F0xx_HAL_Driver\Src\stm32f0xx_hal_gpio.o
 .debug_aranges
                0x00000250       0x80 Drivers\STM32F0xx_HAL_Driver\Src\stm32f0xx_hal_rcc.o
 .debug_aranges
                0x000002d0       0x30 Drivers\STM32F0xx_HAL_Driver\Src\stm32f0xx_hal_rcc_ex.o
 .debug_aranges
                0x00000300      0x198 Drivers\STM32F0xx_HAL_Driver\Src\stm32f0xx_hal_spi.o
 .debug_aranges
                0x00000498      0x188 Drivers\STM32F0xx_HAL_Driver\Src\stm32f0xx_hal_uart.o
 .debug_aranges
                0x00000620       0x40 Src\main.o
 .debug_aranges
                0x00000660      0x150 Src\nrf24l01.o
 .debug_aranges
                0x000007b0       0x50 Src\stm32f0xx_hal_msp.o
 .debug_aranges
                0x00000800       0x30 Src\stm32f0xx_it.o
 .debug_aranges
                0x00000830       0x28 Src\system_stm32f0xx.o
 .debug_aranges
                0x00000858       0x28 startup\startup_stm32f030x6.o

.debug_ranges   0x00000000      0xb90
 .debug_ranges  0x00000000       0xa0 Drivers\STM32F0xx_HAL_Driver\Src\stm32f0xx_hal.o
 .debug_ranges  0x000000a0       0xc0 Drivers\STM32F0xx_HAL_Driver\Src\stm32f0xx_hal_adc.o
 .debug_ranges  0x00000160      0x120 Drivers\STM32F0xx_HAL_Driver\Src\stm32f0xx_hal_cortex.o
 .debug_ranges  0x00000280       0x70 Drivers\STM32F0xx_HAL_Driver\Src\stm32f0xx_hal_gpio.o
 .debug_ranges  0x000002f0       0xa0 Drivers\STM32F0xx_HAL_Driver\Src\stm32f0xx_hal_rcc.o
 .debug_ranges  0x00000390       0x40 Drivers\STM32F0xx_HAL_Driver\Src\stm32f0xx_hal_rcc_ex.o
 .debug_ranges  0x000003d0      0x278 Drivers\STM32F0xx_HAL_Driver\Src\stm32f0xx_hal_spi.o
 .debug_ranges  0x00000648      0x1f0 Drivers\STM32F0xx_HAL_Driver\Src\stm32f0xx_hal_uart.o
 .debug_ranges  0x00000838       0xd8 Src\main.o
 .debug_ranges  0x00000910      0x140 Src\nrf24l01.o
 .debug_ranges  0x00000a50       0xe8 Src\stm32f0xx_hal_msp.o
 .debug_ranges  0x00000b38       0x20 Src\stm32f0xx_it.o
 .debug_ranges  0x00000b58       0x18 Src\system_stm32f0xx.o
 .debug_ranges  0x00000b70       0x20 startup\startup_stm32f030x6.o

.debug_line     0x00000000     0x4f44
 .debug_line    0x00000000      0x440 Drivers\STM32F0xx_HAL_Driver\Src\stm32f0xx_hal.o
 .debug_line    0x00000440      0x859 Drivers\STM32F0xx_HAL_Driver\Src\stm32f0xx_hal_adc.o
 .debug_line    0x00000c99      0x413 Drivers\STM32F0xx_HAL_Driver\Src\stm32f0xx_hal_cortex.o
 .debug_line    0x000010ac      0x421 Drivers\STM32F0xx_HAL_Driver\Src\stm32f0xx_hal_gpio.o
 .debug_line    0x000014cd      0x621 Drivers\STM32F0xx_HAL_Driver\Src\stm32f0xx_hal_rcc.o
 .debug_line    0x00001aee      0x3b4 Drivers\STM32F0xx_HAL_Driver\Src\stm32f0xx_hal_rcc_ex.o
 .debug_line    0x00001ea2      0xdea Drivers\STM32F0xx_HAL_Driver\Src\stm32f0xx_hal_spi.o
 .debug_line    0x00002c8c      0xd9e Drivers\STM32F0xx_HAL_Driver\Src\stm32f0xx_hal_uart.o
 .debug_line    0x00003a2a      0x477 Src\main.o
 .debug_line    0x00003ea1      0x78c Src\nrf24l01.o
 .debug_line    0x0000462d      0x3bc Src\stm32f0xx_hal_msp.o
 .debug_line    0x000049e9      0x27b Src\stm32f0xx_it.o
 .debug_line    0x00004c64      0x25d Src\system_stm32f0xx.o
 .debug_line    0x00004ec1       0x83 startup\startup_stm32f030x6.o

.debug_str      0x00000000     0x3030
 .debug_str     0x00000000      0x97e Drivers\STM32F0xx_HAL_Driver\Src\stm32f0xx_hal.o
                                0xa23 (size before relaxing)
 .debug_str     0x0000097e      0x67b Drivers\STM32F0xx_HAL_Driver\Src\stm32f0xx_hal_adc.o
                                0xd2b (size before relaxing)
 .debug_str     0x00000ff9      0x1d0 Drivers\STM32F0xx_HAL_Driver\Src\stm32f0xx_hal_cortex.o
                                0xa2b (size before relaxing)
 .debug_str     0x000011c9      0x1c1 Drivers\STM32F0xx_HAL_Driver\Src\stm32f0xx_hal_gpio.o
                                0x885 (size before relaxing)
 .debug_str     0x0000138a      0x2e7 Drivers\STM32F0xx_HAL_Driver\Src\stm32f0xx_hal_rcc.o
                                0xa65 (size before relaxing)
 .debug_str     0x00001671      0x127 Drivers\STM32F0xx_HAL_Driver\Src\stm32f0xx_hal_rcc_ex.o
                                0x825 (size before relaxing)
 .debug_str     0x00001798      0x739 Drivers\STM32F0xx_HAL_Driver\Src\stm32f0xx_hal_spi.o
                                0xfcc (size before relaxing)
 .debug_str     0x00001ed1      0x808 Drivers\STM32F0xx_HAL_Driver\Src\stm32f0xx_hal_uart.o
                               0x11d3 (size before relaxing)
 .debug_str     0x000026d9      0x301 Src\main.o
                               0x15dd (size before relaxing)
 .debug_str     0x000029da      0x582 Src\nrf24l01.o
                               0x12bd (size before relaxing)
 .debug_str     0x00002f5c       0x1b Src\stm32f0xx_hal_msp.o
                               0x102c (size before relaxing)
 .debug_str     0x00002f77       0x5f Src\stm32f0xx_it.o
                                0x680 (size before relaxing)
 .debug_str     0x00002fd6       0x5a Src\system_stm32f0xx.o
                                0x6ab (size before relaxing)

.comment        0x00000000       0x7c
 .comment       0x00000000       0x7c Drivers\STM32F0xx_HAL_Driver\Src\stm32f0xx_hal.o
                                 0x7d (size before relaxing)
 .comment       0x0000007c       0x7d Drivers\STM32F0xx_HAL_Driver\Src\stm32f0xx_hal_adc.o
 .comment       0x0000007c       0x7d Drivers\STM32F0xx_HAL_Driver\Src\stm32f0xx_hal_cortex.o
 .comment       0x0000007c       0x7d Drivers\STM32F0xx_HAL_Driver\Src\stm32f0xx_hal_gpio.o
 .comment       0x0000007c       0x7d Drivers\STM32F0xx_HAL_Driver\Src\stm32f0xx_hal_rcc.o
 .comment       0x0000007c       0x7d Drivers\STM32F0xx_HAL_Driver\Src\stm32f0xx_hal_rcc_ex.o
 .comment       0x0000007c       0x7d Drivers\STM32F0xx_HAL_Driver\Src\stm32f0xx_hal_spi.o
 .comment       0x0000007c       0x7d Drivers\STM32F0xx_HAL_Driver\Src\stm32f0xx_hal_uart.o
 .comment       0x0000007c       0x7d Src\main.o
 .comment       0x0000007c       0x7d Src\nrf24l01.o
 .comment       0x0000007c       0x7d Src\stm32f0xx_hal_msp.o
 .comment       0x0000007c       0x7d Src\stm32f0xx_it.o
 .comment       0x0000007c       0x7d Src\system_stm32f0xx.o

.debug_frame    0x00000000     0x19b8
 .debug_frame   0x00000000      0x178 Drivers\STM32F0xx_HAL_Driver\Src\stm32f0xx_hal.o
 .debug_frame   0x00000178      0x2d0 Drivers\STM32F0xx_HAL_Driver\Src\stm32f0xx_hal_adc.o
 .debug_frame   0x00000448       0xe4 Drivers\STM32F0xx_HAL_Driver\Src\stm32f0xx_hal_cortex.o
 .debug_frame   0x0000052c       0xc0 Drivers\STM32F0xx_HAL_Driver\Src\stm32f0xx_hal_gpio.o
 .debug_frame   0x000005ec      0x134 Drivers\STM32F0xx_HAL_Driver\Src\stm32f0xx_hal_rcc.o
 .debug_frame   0x00000720       0x58 Drivers\STM32F0xx_HAL_Driver\Src\stm32f0xx_hal_rcc_ex.o
 .debug_frame   0x00000778      0x5cc Drivers\STM32F0xx_HAL_Driver\Src\stm32f0xx_hal_spi.o
 .debug_frame   0x00000d44      0x528 Drivers\STM32F0xx_HAL_Driver\Src\stm32f0xx_hal_uart.o
 .debug_frame   0x0000126c       0x90 Src\main.o
 .debug_frame   0x000012fc      0x4c4 Src\nrf24l01.o
 .debug_frame   0x000017c0       0xe0 Src\stm32f0xx_hal_msp.o
 .debug_frame   0x000018a0       0x68 Src\stm32f0xx_it.o
 .debug_frame   0x00001908       0x3c Src\system_stm32f0xx.o
 .debug_frame   0x00001944       0x2c c:/program files (x86)/atollic/truestudio for stm32 9.0.1/armtools/bin/../lib/gcc/arm-atollic-eabi/6.3.1/../../../../arm-atollic-eabi/lib/armv6-m\libc_nano.a(lib_a-init.o)
 .debug_frame   0x00001970       0x28 c:/program files (x86)/atollic/truestudio for stm32 9.0.1/armtools/bin/../lib/gcc/arm-atollic-eabi/6.3.1/../../../../arm-atollic-eabi/lib/armv6-m\libc_nano.a(lib_a-memcpy-stub.o)
 .debug_frame   0x00001998       0x20 c:/program files (x86)/atollic/truestudio for stm32 9.0.1/armtools/bin/../lib/gcc/arm-atollic-eabi/6.3.1/armv6-m\libgcc.a(_udivsi3.o)
