nrf24l01.c:7:13:ce_reset	8	static
nrf24l01.c:3:13:ce_set	8	static
nrf24l01.c:64:12:nrf_send_command	40	dynamic
nrf24l01.c:137:13:nrf_packet_received_callback	0	static
nrf24l01.c:142:12:nrf_read_register	24	static
nrf24l01.c:151:12:nrf_write_register	24	static
nrf24l01.c:160:12:nrf_read_rx_payload	24	dynamic
nrf24l01.c:169:12:nrf_write_tx_payload	24	dynamic
nrf24l01.c:178:12:nrf_write_tx_payload_noack	24	dynamic
nrf24l01.c:187:12:nrf_flush_tx	24	static
nrf24l01.c:196:12:nrf_flush_rx	24	static
nrf24l01.c:205:12:nrf_set_data_rate	24	static
nrf24l01.c:228:12:nrf_set_tx_power	24	static
nrf24l01.c:242:12:nrf_set_ccw	24	static
nrf24l01.c:260:12:nrf_clear_interrupts	24	static
nrf24l01.c:274:12:nrf_set_rf_channel	24	static
nrf24l01.c:288:12:nrf_set_retransmittion_count	24	static
nrf24l01.c:305:12:nrf_set_retransmittion_delay	24	static
nrf24l01.c:322:12:nrf_set_address_width	24	static
nrf24l01.c:338:12:nrf_set_rx_pipes	16	static
nrf24l01.c:345:12:nrf_enable_auto_ack	24	static
nrf24l01.c:357:12:nrf_enable_crc	24	static
nrf24l01.c:375:12:nrf_set_crc_width	24	static
nrf24l01.c:394:12:nrf_power_up	24	static
nrf24l01.c:412:12:nrf_rx_tx_control	24	static
nrf24l01.c:90:6:nrf_irq_handler	32	static
nrf24l01.c:430:12:nrf_enable_rx_data_ready_irq	24	static
nrf24l01.c:448:12:nrf_enable_tx_data_sent_irq	24	static
nrf24l01.c:464:12:nrf_enable_max_retransmit_irq	24	static
nrf24l01.c:480:12:nrf_set_rx_address_p0	32	static
nrf24l01.c:490:12:nrf_set_rx_address_p1	32	static
nrf24l01.c:500:12:nrf_set_tx_address	32	static
nrf24l01.c:510:12:nrf_set_rx_payload_width_p0	24	static
nrf24l01.c:520:12:nrf_set_rx_payload_width_p1	24	static
nrf24l01.c:20:12:nrf_init	24	static
nrf24l01.c:530:12:nrf_send_packet	16	static
nrf24l01.c:544:12:nrf_send_packet_noack	16	static
nrf24l01.c:557:16:nrf_receive_packet	16	static
nrf24l01.c:570:12:nrf_push_packet	16	static
